<html>
<body>
<pre>
<h1>礦ision Build Log</h1>
<h2>Tool Versions:</h2>
IDE-Version: μVision V5.24.2.0
Copyright (C) 2017 ARM Ltd and ARM Germany GmbH. All rights reserved.
License Information: xu wenbo, xx, LIC=LSNXV-PJD9Z-HLFCL-0QDC3-9HMEQ-85805
 
Tool Versions:
Toolchain:       MDK-ARM Plus  Version: 5.24.1
Toolchain Path:  C:\Keil_v5\ARM\ARMCC\Bin
C Compiler:      Armcc.exe V5.06 update 5 (build 528)
Assembler:       Armasm.exe V5.06 update 5 (build 528)
Linker/Locator:  ArmLink.exe V5.06 update 5 (build 528)
Library Manager: ArmAr.exe V5.06 update 5 (build 528)
Hex Converter:   FromElf.exe V5.06 update 5 (build 528)
CPU DLL:         SARMCM3.DLL V5.24.1
Dialog DLL:      DCM.DLL V1.16.0.0
Target DLL:      STLink\ST-LINKIII-KEIL_SWO.dll V3.0.1.0
Dialog DLL:      TCM.DLL V1.32.0.0
 
<h2>Project:</h2>
D:\xwb\学习文件\机械臂\f411_TEST\MDK-ARM\f411_TEST.uvprojx
Project File Date:  07/18/2023

<h2>Output:</h2>
*** Using Compiler 'V5.06 update 5 (build 528)', folder: 'C:\Keil_v5\ARM\ARMCC\Bin'
Build target 'f411_TEST'
compiling PWM_Calculation.c...
..\MATH\PWM_Calculation.c(257): warning:  #1035-D: single-precision operand implicitly converted to double-precision
  		ROB_R+=0.005;
..\MATH\PWM_Calculation.c(261): warning:  #1035-D: single-precision operand implicitly converted to double-precision
  		ROB_R-=0.005;
..\MATH\PWM_Calculation.c(269): warning:  #1035-D: single-precision operand implicitly converted to double-precision
  		if(((ROB_R-_G)<=0.008)
..\MATH\PWM_Calculation.c(194): warning:  #177-D: variable "temp_IN_ERR"  was declared but never referenced
  	float temp_IN_ERR;
..\MATH\PWM_Calculation.c(319): warning:  #1035-D: single-precision operand implicitly converted to double-precision
  	if( ARM->t1 - ARM->theta1 > 0.05 )
..\MATH\PWM_Calculation.c(321): warning:  #1035-D: single-precision operand implicitly converted to double-precision
  		ARM->theta1+=0.4;
..\MATH\PWM_Calculation.c(322): warning:  #1035-D: single-precision operand implicitly converted to double-precision
  		i+=0.4;
..\MATH\PWM_Calculation.c(324): warning:  #1035-D: single-precision operand implicitly converted to double-precision
  	else if(ARM->theta1 - ARM->t1>0.05)
..\MATH\PWM_Calculation.c(326): warning:  #1035-D: single-precision operand implicitly converted to double-precision
  		ARM->theta1-=0.4;
..\MATH\PWM_Calculation.c(327): warning:  #1035-D: single-precision operand implicitly converted to double-precision
  		i+=0.4;
..\MATH\PWM_Calculation.c(330): warning:  #1035-D: single-precision operand implicitly converted to double-precision
  	if(ARM->t2 - ARM->theta2> 0.05 )
..\MATH\PWM_Calculation.c(332): warning:  #1035-D: single-precision operand implicitly converted to double-precision
  		ARM->theta2+=0.4;
..\MATH\PWM_Calculation.c(333): warning:  #1035-D: single-precision operand implicitly converted to double-precision
  		i+=0.4;
..\MATH\PWM_Calculation.c(335): warning:  #1035-D: single-precision operand implicitly converted to double-precision
  	else if(ARM->theta2 - ARM->t2> 0.05 )
..\MATH\PWM_Calculation.c(337): warning:  #1035-D: single-precision operand implicitly converted to double-precision
  		ARM->theta2-=0.4;
..\MATH\PWM_Calculation.c(338): warning:  #1035-D: single-precision operand implicitly converted to double-precision
  		i+=0.4;
..\MATH\PWM_Calculation.c(340): warning:  #1035-D: single-precision operand implicitly converted to double-precision
  	if(ARM->t3 - ARM->theta3> 0.05 && i==0)i=0.4;
..\MATH\PWM_Calculation.c(342): warning:  #1035-D: single-precision operand implicitly converted to double-precision
  	if(ARM->t3 - ARM->theta3> 0.05)ARM->theta3+=i;
..\MATH\PWM_Calculation.c(343): warning:  #1035-D: single-precision operand implicitly converted to double-precision
  	else if(ARM->theta3 - ARM->t3> 0.05)ARM->theta3-=i;
..\MATH\PWM_Calculation.c(345): warning:  #1035-D: single-precision operand implicitly converted to double-precision
  	if(ARM->t4 - ARM->theta4> 0.05)ARM->theta4+=0.4;
..\MATH\PWM_Calculation.c(345): warning:  #1035-D: single-precision operand implicitly converted to double-precision
  	if(ARM->t4 - ARM->theta4> 0.05)ARM->theta4+=0.4;
..\MATH\PWM_Calculation.c(346): warning:  #1035-D: single-precision operand implicitly converted to double-precision
  	else if(ARM->theta4 - ARM->t4> 0.05 )ARM->theta4-=0.4;
..\MATH\PWM_Calculation.c(346): warning:  #1035-D: single-precision operand implicitly converted to double-precision
  	else if(ARM->theta4 - ARM->t4> 0.05 )ARM->theta4-=0.4;
..\MATH\PWM_Calculation.c(385): warning:  #940-D: missing return statement at end of non-void function "mo" 
  }
..\MATH\PWM_Calculation.c: 24 warnings, 0 errors
linking...
Program Size: Code=17018 RO-data=1198 RW-data=736 ZI-data=2024  
FromELF: creating hex file...
"f411_TEST\f411_TEST.axf" - 0 Error(s), 24 Warning(s).

<h2>Software Packages used:</h2>

Package Vendor: ARM
                http://www.keil.com/pack/ARM.CMSIS.5.0.1.pack
                ARM.CMSIS.5.0.1
                CMSIS (Cortex Microcontroller Software Interface Standard)
   * Component: CORE Version: 5.0.1

Package Vendor: Keil
                https://www.keil.com/pack/Keil.STM32F4xx_DFP.2.17.1.pack
                Keil.STM32F4xx_DFP.2.17.1
                STMicroelectronics STM32F4 Series Device Support, Drivers and Examples

<h2>Collection of Component include folders:</h2>
  .\RTE\_f411_TEST
  D:\Program Files (x86)\code\ARM\CMSIS\5.0.1\CMSIS\Include
  D:\Program Files (x86)\code\Keil\STM32F4xx_DFP\2.17.1\Drivers\CMSIS\Device\ST\STM32F4xx\Include

<h2>Collection of Component Files used:</h2>

   * Component: ARM::CMSIS:CORE:5.0.1
Build Time Elapsed:  00:00:01
</pre>
</body>
</html>
