Component: ARM Compiler 5.06 update 5 (build 528) Tool: armlink [4d35e2]

==============================================================================

Section Cross References

    startup_stm32f401xc.o(STACK) refers (Special) to heapauxi.o(.text) for __use_two_region_memory
    startup_stm32f401xc.o(HEAP) refers (Special) to heapauxi.o(.text) for __use_two_region_memory
    startup_stm32f401xc.o(RESET) refers (Special) to heapauxi.o(.text) for __use_two_region_memory
    startup_stm32f401xc.o(RESET) refers to startup_stm32f401xc.o(STACK) for __initial_sp
    startup_stm32f401xc.o(RESET) refers to startup_stm32f401xc.o(.text) for Reset_Handler
    startup_stm32f401xc.o(RESET) refers to stm32f4xx_it.o(i.NMI_Handler) for NMI_Handler
    startup_stm32f401xc.o(RESET) refers to stm32f4xx_it.o(i.HardFault_Handler) for HardFault_Handler
    startup_stm32f401xc.o(RESET) refers to stm32f4xx_it.o(i.MemManage_Handler) for MemManage_Handler
    startup_stm32f401xc.o(RESET) refers to stm32f4xx_it.o(i.BusFault_Handler) for BusFault_Handler
    startup_stm32f401xc.o(RESET) refers to stm32f4xx_it.o(i.UsageFault_Handler) for UsageFault_Handler
    startup_stm32f401xc.o(RESET) refers to stm32f4xx_it.o(i.SVC_Handler) for SVC_Handler
    startup_stm32f401xc.o(RESET) refers to stm32f4xx_it.o(i.DebugMon_Handler) for DebugMon_Handler
    startup_stm32f401xc.o(RESET) refers to stm32f4xx_it.o(i.PendSV_Handler) for PendSV_Handler
    startup_stm32f401xc.o(RESET) refers to stm32f4xx_it.o(i.SysTick_Handler) for SysTick_Handler
    startup_stm32f401xc.o(RESET) refers to tim.o(i.TIM2_IRQHandler) for TIM2_IRQHandler
    startup_stm32f401xc.o(RESET) refers to usmart.o(i.TIM4_IRQHandler) for TIM4_IRQHandler
    startup_stm32f401xc.o(RESET) refers to usart.o(i.USART1_IRQHandler) for USART1_IRQHandler
    startup_stm32f401xc.o(RESET) refers to usart2.o(i.USART2_IRQHandler) for USART2_IRQHandler
    startup_stm32f401xc.o(RESET) refers to delay_ms.o(i.TIM5_IRQHandler) for TIM5_IRQHandler
    startup_stm32f401xc.o(RESET) refers to usart3.o(i.USART6_IRQHandler) for USART6_IRQHandler
    startup_stm32f401xc.o(.text) refers (Special) to heapauxi.o(.text) for __use_two_region_memory
    startup_stm32f401xc.o(.text) refers to system_stm32f4xx.o(i.SystemInit) for SystemInit
    startup_stm32f401xc.o(.text) refers to __main.o(!!!main) for __main
    startup_stm32f401xc.o(.text) refers to startup_stm32f401xc.o(HEAP) for Heap_Mem
    startup_stm32f401xc.o(.text) refers to startup_stm32f401xc.o(STACK) for Stack_Mem
    main.o(i.BSP_INIT) refers to main.o(i.SystemClock_Config) for SystemClock_Config
    main.o(i.BSP_INIT) refers to gpio.o(i.MX_GPIO_Init) for MX_GPIO_Init
    main.o(i.BSP_INIT) refers to usart.o(i.MX_USART1_UART_Init) for MX_USART1_UART_Init
    main.o(i.BSP_INIT) refers to usart2.o(i.MX_USART2_UART_Init) for MX_USART2_UART_Init
    main.o(i.BSP_INIT) refers to tim.o(i.MX_TIM2_Init) for MX_TIM2_Init
    main.o(i.BSP_INIT) refers to usart3.o(i.MX_USART6_UART_Init) for MX_USART6_UART_Init
    main.o(i.BSP_INIT) refers to tim.o(i.tim_start) for tim_start
    main.o(i.BSP_INIT) refers to main.o(i.WIFI_INIT) for WIFI_INIT
    main.o(i.BSP_INIT) refers to angle_pid.o(i._pid_init) for _pid_init
    main.o(i.BSP_INIT) refers to calculate_d_h.o(i.inti_ROB) for inti_ROB
    main.o(i.BSP_INIT) refers to usmart_config.o(.data) for usmart_dev
    main.o(i.BSP_INIT) refers to angle_pid.o(.bss) for v_pid
    main.o(i.SystemClock_Config) refers to stm32f4xx_ll_utils.o(i.LL_Init1msTick) for LL_Init1msTick
    main.o(i.SystemClock_Config) refers to stm32f4xx_ll_utils.o(i.LL_SetSystemCoreClock) for LL_SetSystemCoreClock
    main.o(i.WIFI_INIT) refers to stm32f4xx_ll_utils.o(i.LL_mDelay) for LL_mDelay
    main.o(i.WIFI_INIT) refers to usart2.o(i.Usart_SendString) for Usart_SendString
    main.o(i.main) refers to main.o(i.BSP_INIT) for BSP_INIT
    main.o(i.main) refers to main.o(i.PWM_REALLY) for PWM_REALLY
    main.o(i.main) refers to stm32f4xx_ll_utils.o(i.LL_mDelay) for LL_mDelay
    main.o(i.task_check) refers to atoi.o(.text) for atoi
    main.o(i.task_check) refers to main.o(.data) for .data
    main.o(i.task_check) refers to usart3.o(.data) for break_flag
    main.o(i.task_check) refers to main.o(.bss) for .bss
    gpio.o(i.MX_GPIO_Init) refers to gpio.o(i.LL_AHB1_GRP1_EnableClock) for LL_AHB1_GRP1_EnableClock
    tim.o(i.LL_TIM_OC_DisableFast) refers to tim.o(.constdata) for .constdata
    tim.o(i.LL_TIM_OC_EnablePreload) refers to tim.o(.constdata) for .constdata
    tim.o(i.MX_TIM2_Init) refers to rt_memclr_w.o(.text) for __aeabi_memclr4
    tim.o(i.MX_TIM2_Init) refers to tim.o(i.LL_APB1_GRP1_EnableClock) for LL_APB1_GRP1_EnableClock
    tim.o(i.MX_TIM2_Init) refers to stm32f4xx_ll_tim.o(i.LL_TIM_Init) for LL_TIM_Init
    tim.o(i.MX_TIM3_Init) refers to rt_memclr_w.o(.text) for __aeabi_memclr4
    tim.o(i.MX_TIM3_Init) refers to tim.o(i.LL_APB1_GRP1_EnableClock) for LL_APB1_GRP1_EnableClock
[...]
    .ARM.Collect$$libinit$$00000019          0x08000286   Section        0  libinit2.o(.ARM.Collect$$libinit$$00000019)
    .ARM.Collect$$libinit$$0000001B          0x08000286   Section        0  libinit2.o(.ARM.Collect$$libinit$$0000001B)
    .ARM.Collect$$libinit$$0000001D          0x08000286   Section        0  libinit2.o(.ARM.Collect$$libinit$$0000001D)
    .ARM.Collect$$libinit$$0000001F          0x08000286   Section        0  libinit2.o(.ARM.Collect$$libinit$$0000001F)
    .ARM.Collect$$libinit$$00000021          0x08000286   Section        0  libinit2.o(.ARM.Collect$$libinit$$00000021)
    .ARM.Collect$$libinit$$00000023          0x08000286   Section        0  libinit2.o(.ARM.Collect$$libinit$$00000023)
    .ARM.Collect$$libinit$$00000025          0x08000286   Section        0  libinit2.o(.ARM.Collect$$libinit$$00000025)
    .ARM.Collect$$libinit$$0000002C          0x08000286   Section        0  libinit2.o(.ARM.Collect$$libinit$$0000002C)
    .ARM.Collect$$libinit$$0000002E          0x08000286   Section        0  libinit2.o(.ARM.Collect$$libinit$$0000002E)
    .ARM.Collect$$libinit$$00000030          0x08000286   Section        0  libinit2.o(.ARM.Collect$$libinit$$00000030)
    .ARM.Collect$$libinit$$00000032          0x08000286   Section        0  libinit2.o(.ARM.Collect$$libinit$$00000032)
    .ARM.Collect$$libinit$$00000033          0x08000286   Section        2  libinit2.o(.ARM.Collect$$libinit$$00000033)
    .ARM.Collect$$libshutdown$$00000000      0x08000288   Section        2  libshutdown.o(.ARM.Collect$$libshutdown$$00000000)
    .ARM.Collect$$libshutdown$$00000002      0x0800028a   Section        0  libshutdown2.o(.ARM.Collect$$libshutdown$$00000002)
    .ARM.Collect$$libshutdown$$00000004      0x0800028a   Section        0  libshutdown2.o(.ARM.Collect$$libshutdown$$00000004)
    .ARM.Collect$$libshutdown$$00000007      0x0800028a   Section        0  libshutdown2.o(.ARM.Collect$$libshutdown$$00000007)
    .ARM.Collect$$libshutdown$$0000000A      0x0800028a   Section        0  libshutdown2.o(.ARM.Collect$$libshutdown$$0000000A)
    .ARM.Collect$$libshutdown$$0000000C      0x0800028a   Section        0  libshutdown2.o(.ARM.Collect$$libshutdown$$0000000C)
    .ARM.Collect$$libshutdown$$0000000F      0x0800028a   Section        0  libshutdown2.o(.ARM.Collect$$libshutdown$$0000000F)
    .ARM.Collect$$libshutdown$$00000010      0x0800028a   Section        2  libshutdown2.o(.ARM.Collect$$libshutdown$$00000010)
    .ARM.Collect$$rtentry$$00000000          0x0800028c   Section        0  __rtentry.o(.ARM.Collect$$rtentry$$00000000)
    .ARM.Collect$$rtentry$$00000002          0x0800028c   Section        0  __rtentry2.o(.ARM.Collect$$rtentry$$00000002)
    .ARM.Collect$$rtentry$$00000004          0x0800028c   Section        6  __rtentry4.o(.ARM.Collect$$rtentry$$00000004)
    .ARM.Collect$$rtentry$$00000009          0x08000292   Section        0  __rtentry2.o(.ARM.Collect$$rtentry$$00000009)
    .ARM.Collect$$rtentry$$0000000A          0x08000292   Section        4  __rtentry2.o(.ARM.Collect$$rtentry$$0000000A)
    .ARM.Collect$$rtentry$$0000000C          0x08000296   Section        0  __rtentry2.o(.ARM.Collect$$rtentry$$0000000C)
    .ARM.Collect$$rtentry$$0000000D          0x08000296   Section        8  __rtentry2.o(.ARM.Collect$$rtentry$$0000000D)
    .ARM.Collect$$rtexit$$00000000           0x0800029e   Section        2  rtexit.o(.ARM.Collect$$rtexit$$00000000)
    .ARM.Collect$$rtexit$$00000002           0x080002a0   Section        0  rtexit2.o(.ARM.Collect$$rtexit$$00000002)
    .ARM.Collect$$rtexit$$00000003           0x080002a0   Section        4  rtexit2.o(.ARM.Collect$$rtexit$$00000003)
    .ARM.Collect$$rtexit$$00000004           0x080002a4   Section        6  rtexit2.o(.ARM.Collect$$rtexit$$00000004)
    .text                                    0x080002ac   Section       64  startup_stm32f401xc.o(.text)
    $v0                                      0x080002ac   Number         0  startup_stm32f401xc.o(.text)
    .text                                    0x080002ec   Section        2  use_no_semi_2.o(.text)
    .text                                    0x080002ee   Section      238  lludivv7m.o(.text)
    .text                                    0x080003dc   Section        0  noretval__2printf.o(.text)
    .text                                    0x080003f4   Section        0  _printf_pad.o(.text)
    .text                                    0x08000442   Section        0  _printf_str.o(.text)
    .text                                    0x08000494   Section        0  _printf_dec.o(.text)
    .text                                    0x0800050c   Section        0  _printf_hex_int.o(.text)
    .text                                    0x08000564   Section        0  __printf_flags_ss_wp.o(.text)
    .text                                    0x080006ec   Section        0  strcat.o(.text)
    .text                                    0x08000704   Section      100  rt_memcpy_w.o(.text)
    .text                                    0x08000768   Section       78  rt_memclr_w.o(.text)
    .text                                    0x080007b6   Section        0  heapauxi.o(.text)
    .text                                    0x080007bc   Section        2  use_no_semi.o(.text)
    .text                                    0x080007be   Section        0  _printf_intcommon.o(.text)
    .text                                    0x08000870   Section        0  _printf_fp_dec.o(.text)
    _fp_digits                               0x08000873   Thumb Code   432  _printf_fp_dec.o(.text)
    .text                                    0x08000c8e   Section        0  _printf_char.o(.text)
    .text                                    0x08000cbc   Section        0  _printf_char_file.o(.text)
    .text                                    0x08000ce0   Section        8  libspace.o(.text)
    .text                                    0x08000ce8   Section        8  rt_locale_intlibspace.o(.text)
    .text                                    0x08000cf0   Section      138  lludiv10.o(.text)
    .text                                    0x08000d7c   Section        0  _printf_char_common.o(.text)
    _printf_input_char                       0x08000d7d   Thumb Code    10  _printf_char_common.o(.text)
    .text                                    0x08000dac   Section        0  _printf_fp_infnan.o(.text)
    .text                                    0x08000e2c   Section        0  bigflt0.o(.text)
    .text                                    0x08000f10   Section        0  ferror.o(.text)
    .text                                    0x08000f18   Section       74  sys_stackheap_outer.o(.text)
    .text                                    0x08000f62   Section        0  exit.o(.text)
    .text                                    0x08000f74   Section      128  strcmpv7m.o(.text)
    CL$$btod_d2e                             0x08000ff4   Section       62  btod.o(CL$$btod_d2e)
    CL$$btod_d2e_denorm_low                  0x08001032   Section       70  btod.o(CL$$btod_d2e_denorm_low)
    CL$$btod_d2e_norm_op1                    0x08001078   Section       96  btod.o(CL$$btod_d2e_norm_op1)
    CL$$btod_div_common                      0x080010d8   Section      824  btod.o(CL$$btod_div_common)
    CL$$btod_e2e                             0x08001410   Section      220  btod.o(CL$$btod_e2e)
    CL$$btod_ediv                            0x080014ec   Section       42  btod.o(CL$$btod_ediv)
    CL$$btod_emul                            0x08001516   Section       42  btod.o(CL$$btod_emul)
    CL$$btod_mult_common                     0x08001540   Section      580  btod.o(CL$$btod_mult_common)
    i.BSP_INIT                               0x08001784   Section        0  main.o(i.BSP_INIT)
    i.BusFault_Handler                       0x0800184c   Section        0  stm32f4xx_it.o(i.BusFault_Handler)
    i.DebugMon_Handler                       0x0800184e   Section        0  stm32f4xx_it.o(i.DebugMon_Handler)
    i.HardFault_Handler                      0x08001850   Section        0  stm32f4xx_it.o(i.HardFault_Handler)
    i.LL_AHB1_GRP1_EnableClock               0x08001854   Section        0  gpio.o(i.LL_AHB1_GRP1_EnableClock)
    LL_AHB1_GRP1_EnableClock                 0x08001855   Thumb Code    18  gpio.o(i.LL_AHB1_GRP1_EnableClock)
    i.LL_AHB1_GRP1_EnableClock               0x0800186c   Section        0  tim.o(i.LL_AHB1_GRP1_EnableClock)
    LL_AHB1_GRP1_EnableClock                 0x0800186d   Thumb Code    18  tim.o(i.LL_AHB1_GRP1_EnableClock)
    i.LL_APB1_GRP1_EnableClock               0x08001884   Section        0  tim.o(i.LL_APB1_GRP1_EnableClock)
    LL_APB1_GRP1_EnableClock                 0x08001885   Thumb Code    18  tim.o(i.LL_APB1_GRP1_EnableClock)
    i.LL_GPIO_Init                           0x0800189c   Section        0  stm32f4xx_ll_gpio.o(i.LL_GPIO_Init)
    i.LL_Init1msTick                         0x080019d2   Section        0  stm32f4xx_ll_utils.o(i.LL_Init1msTick)
    i.LL_RCC_GetSystemClocksFreq             0x080019ec   Section        0  stm32f4xx_ll_rcc.o(i.LL_RCC_GetSystemClocksFreq)
    i.LL_SetSystemCoreClock                  0x08001a0c   Section        0  stm32f4xx_ll_utils.o(i.LL_SetSystemCoreClock)
    i.LL_TIM_Init                            0x08001a18   Section        0  stm32f4xx_ll_tim.o(i.LL_TIM_Init)
    i.LL_TIM_OC_DisableFast                  0x08001ab0   Section        0  tim.o(i.LL_TIM_OC_DisableFast)
    LL_TIM_OC_DisableFast                    0x08001ab1   Thumb Code    80  tim.o(i.LL_TIM_OC_DisableFast)
    i.LL_TIM_OC_EnablePreload                0x08001b04   Section        0  tim.o(i.LL_TIM_OC_EnablePreload)
    LL_TIM_OC_EnablePreload                  0x08001b05   Thumb Code    80  tim.o(i.LL_TIM_OC_EnablePreload)
    i.LL_TIM_OC_Init                         0x08001b58   Section        0  stm32f4xx_ll_tim.o(i.LL_TIM_OC_Init)
    i.LL_USART_Init                          0x08001ce4   Section        0  stm32f4xx_ll_usart.o(i.LL_USART_Init)
    i.LL_USART_SetBaudRate                   0x08001d68   Section        0  stm32f4xx_ll_usart.o(i.LL_USART_SetBaudRate)
    LL_USART_SetBaudRate                     0x08001d69   Thumb Code   176  stm32f4xx_ll_usart.o(i.LL_USART_SetBaudRate)
    i.LL_mDelay                              0x08001e18   Section        0  stm32f4xx_ll_utils.o(i.LL_mDelay)
    i.MX_GPIO_Init                           0x08001e36   Section        0  gpio.o(i.MX_GPIO_Init)
    i.MX_TIM2_Init                           0x08001e50   Section        0  tim.o(i.MX_TIM2_Init)
    i.MX_TIM3_Init                           0x08001f04   Section        0  tim.o(i.MX_TIM3_Init)
    i.MX_TIM9_Init                           0x0800202c   Section        0  tim.o(i.MX_TIM9_Init)
    i.MX_USART1_UART_Init                    0x080020fc   Section        0  usart.o(i.MX_USART1_UART_Init)
    i.MX_USART2_UART_Init                    0x080021e4   Section        0  usart2.o(i.MX_USART2_UART_Init)
    i.MX_USART6_UART_Init                    0x080022d8   Section        0  usart3.o(i.MX_USART6_UART_Init)
    i.MemManage_Handler                      0x080023d0   Section        0  stm32f4xx_it.o(i.MemManage_Handler)
    i.NMI_Handler                            0x080023d2   Section        0  stm32f4xx_it.o(i.NMI_Handler)
    i.PWM_REALLY                             0x080023d4   Section        0  main.o(i.PWM_REALLY)
    i.PendSV_Handler                         0x080023f8   Section        0  stm32f4xx_it.o(i.PendSV_Handler)
    i.RCC_GetHCLKClockFreq                   0x080023fc   Section        0  stm32f4xx_ll_rcc.o(i.RCC_GetHCLKClockFreq)
    i.RCC_GetPCLK1ClockFreq                  0x08002418   Section        0  stm32f4xx_ll_rcc.o(i.RCC_GetPCLK1ClockFreq)
    i.RCC_GetPCLK2ClockFreq                  0x08002434   Section        0  stm32f4xx_ll_rcc.o(i.RCC_GetPCLK2ClockFreq)
    i.RCC_GetSystemClockFreq                 0x08002450   Section        0  stm32f4xx_ll_rcc.o(i.RCC_GetSystemClockFreq)
    i.RCC_PLL_GetFreqDomain_SYS              0x0800247c   Section        0  stm32f4xx_ll_rcc.o(i.RCC_PLL_GetFreqDomain_SYS)
    i.SVC_Handler                            0x080024cc   Section        0  stm32f4xx_it.o(i.SVC_Handler)
    i.SysTick_Handler                        0x080024ce   Section        0  stm32f4xx_it.o(i.SysTick_Handler)
    i.SystemClock_Config                     0x080024d0   Section        0  main.o(i.SystemClock_Config)
    i.SystemInit                             0x080025a0   Section        0  system_stm32f4xx.o(i.SystemInit)
    i.TIM2_IRQHandler                        0x080025b0   Section        0  tim.o(i.TIM2_IRQHandler)
    i.TIM4_IRQHandler                        0x080025cc   Section        0  usmart.o(i.TIM4_IRQHandler)
    i.TIM5_IRQHandler                        0x080025f8   Section        0  delay_ms.o(i.TIM5_IRQHandler)
    i.TIM_PWM                                0x08002628   Section        0  tim.o(i.TIM_PWM)
    i.Timer4_Init                            0x08002660   Section        0  usmart.o(i.Timer4_Init)
    i.USART1_IRQHandler                      0x08002714   Section        0  usart.o(i.USART1_IRQHandler)
    i.USART2_IRQHandler                      0x08002774   Section        0  usart2.o(i.USART2_IRQHandler)
    i.USART6_IRQHandler                      0x0800278c   Section        0  usart3.o(i.USART6_IRQHandler)
    i.UsageFault_Handler                     0x080028cc   Section        0  stm32f4xx_it.o(i.UsageFault_Handler)
    i.Usart_SendByte                         0x080028ce   Section        0  usart2.o(i.Usart_SendByte)
    i.Usart_SendString                       0x080028dc   Section        0  usart2.o(i.Usart_SendString)
    i.WIFI_INIT                              0x08002900   Section        0  main.o(i.WIFI_INIT)
    i.__ARM_fpclassify                       0x08002954   Section        0  fpclassify.o(i.__ARM_fpclassify)
    i._is_digit                              0x08002984   Section        0  __printf_wp.o(i._is_digit)
    i._pid_init                              0x08002994   Section        0  angle_pid.o(i._pid_init)
    i._sys_exit                              0x080029d0   Section        0  usart.o(i._sys_exit)
    i.angle_turn_pwm                         0x080029d4   Section        0  pwm_calculation.o(i.angle_turn_pwm)
    i.angle_turn_pwm_2                       0x08002a78   Section        0  pwm_calculation.o(i.angle_turn_pwm_2)
    i.character_turning                      0x08002b48   Section        0  pwm_calculation.o(i.character_turning)
    i.fputc                                  0x08002bbc   Section        0  usart.o(i.fputc)
    i.inti_ROB                               0x08002bd0   Section        0  calculate_d_h.o(i.inti_ROB)
    i.itoa                                   0x08002c60   Section        0  itoa_turn.o(i.itoa)
    i.main                                   0x08002cfc   Section        0  main.o(i.main)
    i.mo_2                                   0x08002d18   Section        0  pwm_calculation.o(i.mo_2)
    i.read_addr                              0x08002f14   Section        0  usmart.o(i.read_addr)
    i.set_ARM_state_test                     0x08002f18   Section        0  pwm_calculation.o(i.set_ARM_state_test)
    i.set_angle_fun                          0x08002f78   Section        0  pwm_calculation.o(i.set_angle_fun)
    i.test_PWM                               0x08002fcc   Section        0  pwm_calculation.o(i.test_PWM)
    i.test_angle_turn                        0x080030c4   Section        0  pwm_calculation.o(i.test_angle_turn)
    i.test_arm_oc_pwm                        0x08003184   Section        0  main.o(i.test_arm_oc_pwm)
    i.tim_start                              0x080031b8   Section        0  tim.o(i.tim_start)
    i.usmart_cmd_rec                         0x08003210   Section        0  usmart.o(i.usmart_cmd_rec)
    i.usmart_exe                             0x080032a4   Section        0  usmart.o(i.usmart_exe)
    i.usmart_get_aparm                       0x0800350c   Section        0  usmart_str.o(i.usmart_get_aparm)
    i.usmart_get_cmdname                     0x080035aa   Section        0  usmart_str.o(i.usmart_get_cmdname)
    i.usmart_get_fname                       0x080035d8   Section        0  usmart_str.o(i.usmart_get_fname)
    i.usmart_get_fparam                      0x08003748   Section        0  usmart_str.o(i.usmart_get_fparam)
    i.usmart_get_parmpos                     0x08003820   Section        0  usmart_str.o(i.usmart_get_parmpos)
    i.usmart_get_runtime                     0x08003844   Section        0  usmart.o(i.usmart_get_runtime)
    i.usmart_init                            0x08003880   Section        0  usmart.o(i.usmart_init)
    i.usmart_pow                             0x080038a8   Section        0  usmart_str.o(i.usmart_pow)
    i.usmart_reset_runtime                   0x080038b8   Section        0  usmart.o(i.usmart_reset_runtime)
    i.usmart_scan                            0x080038dc   Section        0  usmart.o(i.usmart_scan)
    i.usmart_search_nextc                    0x08003980   Section        0  usmart_str.o(i.usmart_search_nextc)
    i.usmart_str2num                         0x08003990   Section        0  usmart_str.o(i.usmart_str2num)
    i.usmart_strcmp                          0x08003a36   Section        0  usmart_str.o(i.usmart_strcmp)
    i.usmart_strcopy                         0x08003a4e   Section        0  usmart_str.o(i.usmart_strcopy)
    i.usmart_strlen                          0x08003a60   Section        0  usmart_str.o(i.usmart_strlen)
    i.usmart_sys_cmd_exe                     0x08003a74   Section        0  usmart.o(i.usmart_sys_cmd_exe)
    i.write_addr                             0x080040e4   Section        0  usmart.o(i.write_addr)
    locale$$code                             0x080040e8   Section       44  lc_numeric_c.o(locale$$code)
    x$fpl$d2f                                0x08004114   Section       98  d2f.o(x$fpl$d2f)
    $v0                                      0x08004114   Number         0  d2f.o(x$fpl$d2f)
    x$fpl$dadd                               0x08004178   Section      336  daddsub_clz.o(x$fpl$dadd)
    $v0                                      0x08004178   Number         0  daddsub_clz.o(x$fpl$dadd)
    _dadd1                                   0x08004189   Thumb Code     0  daddsub_clz.o(x$fpl$dadd)
    x$fpl$dnaninf                            0x080042c8   Section      156  dnaninf.o(x$fpl$dnaninf)
    $v0                                      0x080042c8   Number         0  dnaninf.o(x$fpl$dnaninf)
    x$fpl$dretinf                            0x08004364   Section       12  dretinf.o(x$fpl$dretinf)
    $v0                                      0x08004364   Number         0  dretinf.o(x$fpl$dretinf)
    x$fpl$dsub                               0x08004370   Section      468  daddsub_clz.o(x$fpl$dsub)
    $v0                                      0x08004370   Number         0  daddsub_clz.o(x$fpl$dsub)
    _dsub1                                   0x08004381   Thumb Code     0  daddsub_clz.o(x$fpl$dsub)
    x$fpl$f2d                                0x08004544   Section       86  f2d.o(x$fpl$f2d)
    $v0                                      0x08004544   Number         0  f2d.o(x$fpl$f2d)
    x$fpl$fnaninf                            0x0800459a   Section      140  fnaninf.o(x$fpl$fnaninf)
    $v0                                      0x0800459a   Number         0  fnaninf.o(x$fpl$fnaninf)
    x$fpl$fpinit                             0x08004626   Section       10  fpinit.o(x$fpl$fpinit)
    $v0                                      0x08004626   Number         0  fpinit.o(x$fpl$fpinit)
    x$fpl$fretinf                            0x08004630   Section       10  fretinf.o(x$fpl$fretinf)
    $v0                                      0x08004630   Number         0  fretinf.o(x$fpl$fretinf)
    x$fpl$printf1                            0x0800463a   Section        4  printf1.o(x$fpl$printf1)
    $v0                                      0x0800463a   Number         0  printf1.o(x$fpl$printf1)
    .constdata                               0x0800463e   Section       14  tim.o(.constdata)
    x$fpl$usenofp                            0x0800463e   Section        0  usenofp.o(x$fpl$usenofp)
    OFFSET_TAB_CCMRx                         0x0800463e   Data           7  tim.o(.constdata)
    SHIFT_TAB_OCxx                           0x08004645   Data           7  tim.o(.constdata)
    .constdata                               0x0800464c   Section       16  system_stm32f4xx.o(.constdata)
    .constdata                               0x0800465c   Section        8  system_stm32f4xx.o(.constdata)
    .constdata                               0x08004664   Section       16  pwm_calculation.o(.constdata)
    .constdata                               0x08004674   Section       40  _printf_hex_int.o(.constdata)
    uc_hextab                                0x08004674   Data          20  _printf_hex_int.o(.constdata)
    lc_hextab                                0x08004688   Data          20  _printf_hex_int.o(.constdata)
    .constdata                               0x0800469c   Section       17  __printf_flags_ss_wp.o(.constdata)
    maptable                                 0x0800469c   Data          17  __printf_flags_ss_wp.o(.constdata)
    .constdata                               0x080046b0   Section      148  bigflt0.o(.constdata)
    tenpwrs_x                                0x080046b0   Data          60  bigflt0.o(.constdata)
    tenpwrs_i                                0x080046ec   Data          64  bigflt0.o(.constdata)
    .conststring                             0x08004744   Section       40  usmart.o(.conststring)
    .conststring                             0x0800476c   Section      426  usmart_config.o(.conststring)
    .conststring                             0x08004918   Section       16  pwm_calculation.o(.conststring)
    locale$$data                             0x08004948   Section       28  lc_numeric_c.o(locale$$data)
    __lcnum_c_name                           0x0800494c   Data           2  lc_numeric_c.o(locale$$data)
    __lcnum_c_start                          0x08004954   Data           0  lc_numeric_c.o(locale$$data)
    __lcnum_c_point                          0x08004960   Data           0  lc_numeric_c.o(locale$$data)
    __lcnum_c_thousands                      0x08004962   Data           0  lc_numeric_c.o(locale$$data)
    __lcnum_c_grouping                       0x08004963   Data           0  lc_numeric_c.o(locale$$data)
    __lcnum_c_end                            0x08004964   Data           0  lc_numeric_c.o(locale$$data)
    .data                                    0x20000000   Section        8  main.o(.data)
    .data                                    0x20000008   Section        4  tim.o(.data)
    .data                                    0x2000000c   Section        2  usart.o(.data)
    .data                                    0x20000010   Section        4  usart.o(.data)
    .data                                    0x20000014   Section        4  system_stm32f4xx.o(.data)
    .data                                    0x20000018   Section       28  usmart.o(.data)
    .data                                    0x20000034   Section       64  usmart_config.o(.data)
    .data                                    0x20000074   Section      556  usmart_config.o(.data)
    .data                                    0x200002a0   Section        2  delay_ms.o(.data)
    .data                                    0x200002a4   Section       28  usart3.o(.data)
    .data                                    0x200002c0   Section       32  pwm_calculation.o(.data)
    .bss                                     0x200002e0   Section      200  usart.o(.bss)
    .bss                                     0x200003a8   Section      124  calculate_d_h.o(.bss)
    .bss                                     0x20000424   Section       32  angle_pid.o(.bss)
    .bss                                     0x20000444   Section       56  pwm_calculation.o(.bss)
    .bss                                     0x2000047c   Section       96  libspace.o(.bss)
    HEAP                                     0x200004e0   Section      512  startup_stm32f401xc.o(HEAP)
    Heap_Mem                                 0x200004e0   Data         512  startup_stm32f401xc.o(HEAP)
    STACK                                    0x200006e0   Section     1024  startup_stm32f401xc.o(STACK)
    Stack_Mem                                0x200006e0   Data        1024  startup_stm32f401xc.o(STACK)
    __initial_sp                             0x20000ae0   Data           0  startup_stm32f401xc.o(STACK)

    Global Symbols

    Symbol Name                              Value     Ov Type        Size  Object(Section)

    BuildAttributes$$THM_ISAv4$E$P$D$K$B$S$7EM$VFPi3$EXTD16$VFPS$VFMA$PE$A:L22UL41UL21$X:L11$S22US41US21$IEEE1$IW$USESV6$~STKCKD$USESV7$~SHL$OTIME$ROPI$IEEEX$EBA8$UX$STANDARDLIB$REQ8$PRES8$EABIv2 0x00000000   Number         0  anon$$obj.o ABSOLUTE
    __ARM_use_no_argv                        0x00000000   Number         0  main.o ABSOLUTE
    _printf_flags                            0x00000000   Number         0  printf_stubs.o ABSOLUTE
    _printf_return_value                     0x00000000   Number         0  printf_stubs.o ABSOLUTE
    _printf_sizespec                         0x00000000   Number         0  printf_stubs.o ABSOLUTE
    _printf_widthprec                        0x00000000   Number         0  printf_stubs.o ABSOLUTE
    __ARM_exceptions_init                     - Undefined Weak Reference
    __alloca_initialize                       - Undefined Weak Reference
    __arm_preinit_                            - Undefined Weak Reference
    __cpp_initialize__aeabi_                  - Undefined Weak Reference
    __cxa_finalize                            - Undefined Weak Reference
    __sigvec_lookup                           - Undefined Weak Reference
    _atexit_init                              - Undefined Weak Reference
    _call_atexit_fns                          - Undefined Weak Reference
    _clock_init                               - Undefined Weak Reference
    _fp_trap_init                             - Undefined Weak Reference
    _fp_trap_shutdown                         - Undefined Weak Reference
    _get_lc_collate                           - Undefined Weak Reference
    _get_lc_monetary                          - Undefined Weak Reference
    _get_lc_time                              - Undefined Weak Reference
    _getenv_init                              - Undefined Weak Reference
    _handle_redirection                       - Undefined Weak Reference
    _init_alloc                               - Undefined Weak Reference
    _init_user_alloc                          - Undefined Weak Reference
    _initio                                   - Undefined Weak Reference
    _mutex_acquire                            - Undefined Weak Reference
    _mutex_release                            - Undefined Weak Reference
    _printf_mbtowc                            - Undefined Weak Reference
    _printf_truncate_signed                   - Undefined Weak Reference
    _printf_truncate_unsigned                 - Undefined Weak Reference
    _rand_init                                - Undefined Weak Reference
    _signal_finish                            - Undefined Weak Reference
    _signal_init                              - Undefined Weak Reference
    _terminate_alloc                          - Undefined Weak Reference
    _terminate_user_alloc                     - Undefined Weak Reference
    _terminateio                              - Undefined Weak Reference
    __Vectors_Size                           0x00000194   Number         0  startup_stm32f401xc.o ABSOLUTE
    __Vectors                                0x08000000   Data           4  startup_stm32f401xc.o(RESET)
    __Vectors_End                            0x08000194   Data           0  startup_stm32f401xc.o(RESET)
    __main                                   0x08000195   Thumb Code     8  __main.o(!!!main)
    __scatterload                            0x0800019d   Thumb Code     0  __scatter.o(!!!scatter)
    __scatterload_rt2                        0x0800019d   Thumb Code    44  __scatter.o(!!!scatter)
    __scatterload_rt2_thumb_only             0x0800019d   Thumb Code     0  __scatter.o(!!!scatter)
    __scatterload_null                       0x080001ab   Thumb Code     0  __scatter.o(!!!scatter)
    __decompress                             0x080001d1   Thumb Code    90  __dczerorl2.o(!!dczerorl2)
    __decompress1                            0x080001d1   Thumb Code     0  __dczerorl2.o(!!dczerorl2)
    __scatterload_zeroinit                   0x0800022d   Thumb Code    28  __scatter_zi.o(!!handler_zi)
    _printf_f                                0x08000249   Thumb Code     0  _printf_f.o(.ARM.Collect$$_printf_percent$$00000003)
    _printf_percent                          0x08000249   Thumb Code     0  _printf_percent.o(.ARM.Collect$$_printf_percent$$00000000)
    _printf_d                                0x0800024f   Thumb Code     0  _printf_d.o(.ARM.Collect$$_printf_percent$$00000009)
    _printf_u                                0x08000255   Thumb Code     0  _printf_u.o(.ARM.Collect$$_printf_percent$$0000000A)
    _printf_x                                0x0800025b   Thumb Code     0  _printf_x.o(.ARM.Collect$$_printf_percent$$0000000C)
    _printf_c                                0x08000261   Thumb Code     0  _printf_c.o(.ARM.Collect$$_printf_percent$$00000013)
    _printf_s                                0x08000267   Thumb Code     0  _printf_s.o(.ARM.Collect$$_printf_percent$$00000014)
    _printf_percent_end                      0x0800026d   Thumb Code     0  _printf_percent_end.o(.ARM.Collect$$_printf_percent$$00000017)
    __rt_lib_init                            0x08000271   Thumb Code     0  libinit.o(.ARM.Collect$$libinit$$00000000)
    __rt_lib_init_fp_1                       0x08000273   Thumb Code     0  libinit2.o(.ARM.Collect$$libinit$$00000001)
    __rt_lib_init_heap_1                     0x08000277   Thumb Code     0  libinit2.o(.ARM.Collect$$libinit$$0000000A)
    __rt_lib_init_lc_common                  0x08000277   Thumb Code     0  libinit2.o(.ARM.Collect$$libinit$$0000000F)
    __rt_lib_init_preinit_1                  0x08000277   Thumb Code     0  libinit2.o(.ARM.Collect$$libinit$$00000004)
    __rt_lib_init_rand_1                     0x08000277   Thumb Code     0  libinit2.o(.ARM.Collect$$libinit$$0000000E)
    __rt_lib_init_user_alloc_1               0x08000277   Thumb Code     0  libinit2.o(.ARM.Collect$$libinit$$0000000C)
    __rt_lib_init_lc_collate_1               0x0800027d   Thumb Code     0  libinit2.o(.ARM.Collect$$libinit$$00000011)
    __rt_lib_init_lc_ctype_1                 0x0800027d   Thumb Code     0  libinit2.o(.ARM.Collect$$libinit$$00000013)
    __rt_lib_init_lc_monetary_1              0x0800027d   Thumb Code     0  libinit2.o(.ARM.Collect$$libinit$$00000015)
    __rt_lib_init_lc_numeric_2               0x0800027d   Thumb Code     0  libinit2.o(.ARM.Collect$$libinit$$00000016)
    __rt_lib_init_alloca_1                   0x08000287   Thumb Code     0  libinit2.o(.ARM.Collect$$libinit$$0000002E)
    __rt_lib_init_argv_1                     0x08000287   Thumb Code     0  libinit2.o(.ARM.Collect$$libinit$$0000002C)
    __rt_lib_init_atexit_1                   0x08000287   Thumb Code     0  libinit2.o(.ARM.Collect$$libinit$$0000001B)
    __rt_lib_init_clock_1                    0x08000287   Thumb Code     0  libinit2.o(.ARM.Collect$$libinit$$00000021)
    __rt_lib_init_cpp_1                      0x08000287   Thumb Code     0  libinit2.o(.ARM.Collect$$libinit$$00000032)
    __rt_lib_init_exceptions_1               0x08000287   Thumb Code     0  libinit2.o(.ARM.Collect$$libinit$$00000030)
    __rt_lib_init_fp_trap_1                  0x08000287   Thumb Code     0  libinit2.o(.ARM.Collect$$libinit$$0000001F)
    __rt_lib_init_getenv_1                   0x08000287   Thumb Code     0  libinit2.o(.ARM.Collect$$libinit$$00000023)
    __rt_lib_init_lc_numeric_1               0x08000287   Thumb Code     0  libinit2.o(.ARM.Collect$$libinit$$00000017)
    __rt_lib_init_lc_time_1                  0x08000287   Thumb Code     0  libinit2.o(.ARM.Collect$$libinit$$00000019)
    __rt_lib_init_return                     0x08000287   Thumb Code     0  libinit2.o(.ARM.Collect$$libinit$$00000033)
    __rt_lib_init_signal_1                   0x08000287   Thumb Code     0  libinit2.o(.ARM.Collect$$libinit$$0000001D)
    __rt_lib_init_stdio_1                    0x08000287   Thumb Code     0  libinit2.o(.ARM.Collect$$libinit$$00000025)
    __rt_lib_shutdown                        0x08000289   Thumb Code     0  libshutdown.o(.ARM.Collect$$libshutdown$$00000000)
    __rt_lib_shutdown_cpp_1                  0x0800028b   Thumb Code     0  libshutdown2.o(.ARM.Collect$$libshutdown$$00000002)
    __rt_lib_shutdown_fp_trap_1              0x0800028b   Thumb Code     0  libshutdown2.o(.ARM.Collect$$libshutdown$$00000007)
    __rt_lib_shutdown_heap_1                 0x0800028b   Thumb Code     0  libshutdown2.o(.ARM.Collect$$libshutdown$$0000000F)
    __rt_lib_shutdown_return                 0x0800028b   Thumb Code     0  libshutdown2.o(.ARM.Collect$$libshutdown$$00000010)
    __rt_lib_shutdown_signal_1               0x0800028b   Thumb Code     0  libshutdown2.o(.ARM.Collect$$libshutdown$$0000000A)
    __rt_lib_shutdown_stdio_1                0x0800028b   Thumb Code     0  libshutdown2.o(.ARM.Collect$$libshutdown$$00000004)
    __rt_lib_shutdown_user_alloc_1           0x0800028b   Thumb Code     0  libshutdown2.o(.ARM.Collect$$libshutdown$$0000000C)
    __rt_entry                               0x0800028d   Thumb Code     0  __rtentry.o(.ARM.Collect$$rtentry$$00000000)
    __rt_entry_presh_1                       0x0800028d   Thumb Code     0  __rtentry2.o(.ARM.Collect$$rtentry$$00000002)
    __rt_entry_sh                            0x0800028d   Thumb Code     0  __rtentry4.o(.ARM.Collect$$rtentry$$00000004)
    __rt_entry_li                            0x08000293   Thumb Code     0  __rtentry2.o(.ARM.Collect$$rtentry$$0000000A)
    __rt_entry_postsh_1                      0x08000293   Thumb Code     0  __rtentry2.o(.ARM.Collect$$rtentry$$00000009)
    __rt_entry_main                          0x08000297   Thumb Code     0  __rtentry2.o(.ARM.Collect$$rtentry$$0000000D)
    __rt_entry_postli_1                      0x08000297   Thumb Code     0  __rtentry2.o(.ARM.Collect$$rtentry$$0000000C)
    __rt_exit                                0x0800029f   Thumb Code     0  rtexit.o(.ARM.Collect$$rtexit$$00000000)
    __rt_exit_ls                             0x080002a1   Thumb Code     0  rtexit2.o(.ARM.Collect$$rtexit$$00000003)
    __rt_exit_prels_1                        0x080002a1   Thumb Code     0  rtexit2.o(.ARM.Collect$$rtexit$$00000002)
    __rt_exit_exit                           0x080002a5   Thumb Code     0  rtexit2.o(.ARM.Collect$$rtexit$$00000004)
    Reset_Handler                            0x080002ad   Thumb Code     8  startup_stm32f401xc.o(.text)
    ADC_IRQHandler                           0x080002c7   Thumb Code     0  startup_stm32f401xc.o(.text)
    DMA1_Stream0_IRQHandler                  0x080002c7   Thumb Code     0  startup_stm32f401xc.o(.text)
    DMA1_Stream1_IRQHandler                  0x080002c7   Thumb Code     0  startup_stm32f401xc.o(.text)
    DMA1_Stream2_IRQHandler                  0x080002c7   Thumb Code     0  startup_stm32f401xc.o(.text)
    DMA1_Stream3_IRQHandler                  0x080002c7   Thumb Code     0  startup_stm32f401xc.o(.text)
    DMA1_Stream4_IRQHandler                  0x080002c7   Thumb Code     0  startup_stm32f401xc.o(.text)
    DMA1_Stream5_IRQHandler                  0x080002c7   Thumb Code     0  startup_stm32f401xc.o(.text)
    DMA1_Stream6_IRQHandler                  0x080002c7   Thumb Code     0  startup_stm32f401xc.o(.text)
    DMA1_Stream7_IRQHandler                  0x080002c7   Thumb Code     0  startup_stm32f401xc.o(.text)
    DMA2_Stream0_IRQHandler                  0x080002c7   Thumb Code     0  startup_stm32f401xc.o(.text)
    DMA2_Stream1_IRQHandler                  0x080002c7   Thumb Code     0  startup_stm32f401xc.o(.text)
    DMA2_Stream2_IRQHandler                  0x080002c7   Thumb Code     0  startup_stm32f401xc.o(.text)
    DMA2_Stream3_IRQHandler                  0x080002c7   Thumb Code     0  startup_stm32f401xc.o(.text)
    DMA2_Stream4_IRQHandler                  0x080002c7   Thumb Code     0  startup_stm32f401xc.o(.text)
    DMA2_Stream5_IRQHandler                  0x080002c7   Thumb Code     0  startup_stm32f401xc.o(.text)
    DMA2_Stream6_IRQHandler                  0x080002c7   Thumb Code     0  startup_stm32f401xc.o(.text)
    DMA2_Stream7_IRQHandler                  0x080002c7   Thumb Code     0  startup_stm32f401xc.o(.text)
    EXTI0_IRQHandler                         0x080002c7   Thumb Code     0  startup_stm32f401xc.o(.text)
    EXTI15_10_IRQHandler                     0x080002c7   Thumb Code     0  startup_stm32f401xc.o(.text)
    EXTI1_IRQHandler                         0x080002c7   Thumb Code     0  startup_stm32f401xc.o(.text)
    EXTI2_IRQHandler                         0x080002c7   Thumb Code     0  startup_stm32f401xc.o(.text)
    EXTI3_IRQHandler                         0x080002c7   Thumb Code     0  startup_stm32f401xc.o(.text)
    EXTI4_IRQHandler                         0x080002c7   Thumb Code     0  startup_stm32f401xc.o(.text)
    EXTI9_5_IRQHandler                       0x080002c7   Thumb Code     0  startup_stm32f401xc.o(.text)
    FLASH_IRQHandler                         0x080002c7   Thumb Code     0  startup_stm32f401xc.o(.text)
    FPU_IRQHandler                           0x080002c7   Thumb Code     0  startup_stm32f401xc.o(.text)
    I2C1_ER_IRQHandler                       0x080002c7   Thumb Code     0  startup_stm32f401xc.o(.text)
    I2C1_EV_IRQHandler                       0x080002c7   Thumb Code     0  startup_stm32f401xc.o(.text)
    I2C2_ER_IRQHandler                       0x080002c7   Thumb Code     0  startup_stm32f401xc.o(.text)
    I2C2_EV_IRQHandler                       0x080002c7   Thumb Code     0  startup_stm32f401xc.o(.text)
    I2C3_ER_IRQHandler                       0x080002c7   Thumb Code     0  startup_stm32f401xc.o(.text)
    I2C3_EV_IRQHandler                       0x080002c7   Thumb Code     0  startup_stm32f401xc.o(.text)
    OTG_FS_IRQHandler                        0x080002c7   Thumb Code     0  startup_stm32f401xc.o(.text)
    OTG_FS_WKUP_IRQHandler                   0x080002c7   Thumb Code     0  startup_stm32f401xc.o(.text)
    PVD_IRQHandler                           0x080002c7   Thumb Code     0  startup_stm32f401xc.o(.text)
    RCC_IRQHandler                           0x080002c7   Thumb Code     0  startup_stm32f401xc.o(.text)
    RTC_Alarm_IRQHandler                     0x080002c7   Thumb Code     0  startup_stm32f401xc.o(.text)
    RTC_WKUP_IRQHandler                      0x080002c7   Thumb Code     0  startup_stm32f401xc.o(.text)
    SDIO_IRQHandler                          0x080002c7   Thumb Code     0  startup_stm32f401xc.o(.text)
    SPI1_IRQHandler                          0x080002c7   Thumb Code     0  startup_stm32f401xc.o(.text)
    SPI2_IRQHandler                          0x080002c7   Thumb Code     0  startup_stm32f401xc.o(.text)
    SPI3_IRQHandler                          0x080002c7   Thumb Code     0  startup_stm32f401xc.o(.text)
    SPI4_IRQHandler                          0x080002c7   Thumb Code     0  startup_stm32f401xc.o(.text)
    TAMP_STAMP_IRQHandler                    0x080002c7   Thumb Code     0  startup_stm32f401xc.o(.text)
    TIM1_BRK_TIM9_IRQHandler                 0x080002c7   Thumb Code     0  startup_stm32f401xc.o(.text)
    TIM1_CC_IRQHandler                       0x080002c7   Thumb Code     0  startup_stm32f401xc.o(.text)
    TIM1_TRG_COM_TIM11_IRQHandler            0x080002c7   Thumb Code     0  startup_stm32f401xc.o(.text)
    TIM1_UP_TIM10_IRQHandler                 0x080002c7   Thumb Code     0  startup_stm32f401xc.o(.text)
    TIM3_IRQHandler                          0x080002c7   Thumb Code     0  startup_stm32f401xc.o(.text)
    WWDG_IRQHandler                          0x080002c7   Thumb Code     0  startup_stm32f401xc.o(.text)
    __user_initial_stackheap                 0x080002c9   Thumb Code     0  startup_stm32f401xc.o(.text)
    __use_no_semihosting                     0x080002ed   Thumb Code     2  use_no_semi_2.o(.text)
    __aeabi_uldivmod                         0x080002ef   Thumb Code     0  lludivv7m.o(.text)
    _ll_udiv                                 0x080002ef   Thumb Code   238  lludivv7m.o(.text)
    __2printf                                0x080003dd   Thumb Code    20  noretval__2printf.o(.text)
    _printf_pre_padding                      0x080003f5   Thumb Code    44  _printf_pad.o(.text)
    _printf_post_padding                     0x08000421   Thumb Code    34  _printf_pad.o(.text)
    _printf_str                              0x08000443   Thumb Code    82  _printf_str.o(.text)
    _printf_int_dec                          0x08000495   Thumb Code   104  _printf_dec.o(.text)
    _printf_int_hex                          0x0800050d   Thumb Code    84  _printf_hex_int.o(.text)
    _printf_longlong_hex                     0x0800050d   Thumb Code     0  _printf_hex_int.o(.text)
    __printf                                 0x08000565   Thumb Code   388  __printf_flags_ss_wp.o(.text)
    strcat                                   0x080006ed   Thumb Code    24  strcat.o(.text)
    __aeabi_memcpy4                          0x08000705   Thumb Code     0  rt_memcpy_w.o(.text)
    __aeabi_memcpy8                          0x08000705   Thumb Code     0  rt_memcpy_w.o(.text)
    __rt_memcpy_w                            0x08000705   Thumb Code   100  rt_memcpy_w.o(.text)
    _memcpy_lastbytes_aligned                0x0800074d   Thumb Code     0  rt_memcpy_w.o(.text)
    __aeabi_memclr4                          0x08000769   Thumb Code     0  rt_memclr_w.o(.text)
    __aeabi_memclr8                          0x08000769   Thumb Code     0  rt_memclr_w.o(.text)
    __rt_memclr_w                            0x08000769   Thumb Code    78  rt_memclr_w.o(.text)
    _memset_w                                0x0800076d   Thumb Code     0  rt_memclr_w.o(.text)
    __use_two_region_memory                  0x080007b7   Thumb Code     2  heapauxi.o(.text)
    __rt_heap_escrow$2region                 0x080007b9   Thumb Code     2  heapauxi.o(.text)
    __rt_heap_expand$2region                 0x080007bb   Thumb Code     2  heapauxi.o(.text)
    __I$use$semihosting                      0x080007bd   Thumb Code     0  use_no_semi.o(.text)
    __use_no_semihosting_swi                 0x080007bd   Thumb Code     2  use_no_semi.o(.text)
    _printf_int_common                       0x080007bf   Thumb Code   178  _printf_intcommon.o(.text)
    __lib_sel_fp_printf                      0x08000871   Thumb Code     2  _printf_fp_dec.o(.text)
    _printf_fp_dec_real                      0x08000a23   Thumb Code   620  _printf_fp_dec.o(.text)
    _printf_cs_common                        0x08000c8f   Thumb Code    20  _printf_char.o(.text)
    _printf_char                             0x08000ca3   Thumb Code    16  _printf_char.o(.text)
    _printf_string                           0x08000cb3   Thumb Code     8  _printf_char.o(.text)
    _printf_char_file                        0x08000cbd   Thumb Code    32  _printf_char_file.o(.text)
    __user_libspace                          0x08000ce1   Thumb Code     8  libspace.o(.text)
    __user_perproc_libspace                  0x08000ce1   Thumb Code     0  libspace.o(.text)
    __user_perthread_libspace                0x08000ce1   Thumb Code     0  libspace.o(.text)
    __rt_locale                              0x08000ce9   Thumb Code     8  rt_locale_intlibspace.o(.text)
    _ll_udiv10                               0x08000cf1   Thumb Code   138  lludiv10.o(.text)
    _printf_char_common                      0x08000d87   Thumb Code    32  _printf_char_common.o(.text)
    _printf_fp_infnan                        0x08000dad   Thumb Code   112  _printf_fp_infnan.o(.text)
    _btod_etento                             0x08000e2d   Thumb Code   224  bigflt0.o(.text)
    ferror                                   0x08000f11   Thumb Code     8  ferror.o(.text)
    __user_setup_stackheap                   0x08000f19   Thumb Code    74  sys_stackheap_outer.o(.text)
    exit                                     0x08000f63   Thumb Code    18  exit.o(.text)
    strcmp                                   0x08000f75   Thumb Code   128  strcmpv7m.o(.text)
    _btod_d2e                                0x08000ff5   Thumb Code    62  btod.o(CL$$btod_d2e)
    _d2e_denorm_low                          0x08001033   Thumb Code    70  btod.o(CL$$btod_d2e_denorm_low)
    _d2e_norm_op1                            0x08001079   Thumb Code    96  btod.o(CL$$btod_d2e_norm_op1)
    __btod_div_common                        0x080010d9   Thumb Code   696  btod.o(CL$$btod_div_common)
    _e2e                                     0x08001411   Thumb Code   220  btod.o(CL$$btod_e2e)
    _btod_ediv                               0x080014ed   Thumb Code    42  btod.o(CL$$btod_ediv)
    _btod_emul                               0x08001517   Thumb Code    42  btod.o(CL$$btod_emul)
    __btod_mult_common                       0x08001541   Thumb Code   580  btod.o(CL$$btod_mult_common)
    BSP_INIT                                 0x08001785   Thumb Code   176  main.o(i.BSP_INIT)
    BusFault_Handler                         0x0800184d   Thumb Code     2  stm32f4xx_it.o(i.BusFault_Handler)
    DebugMon_Handler                         0x0800184f   Thumb Code     2  stm32f4xx_it.o(i.DebugMon_Handler)
    HardFault_Handler                        0x08001851   Thumb Code     2  stm32f4xx_it.o(i.HardFault_Handler)
    LL_GPIO_Init                             0x0800189d   Thumb Code   310  stm32f4xx_ll_gpio.o(i.LL_GPIO_Init)
    LL_Init1msTick                           0x080019d3   Thumb Code    26  stm32f4xx_ll_utils.o(i.LL_Init1msTick)
    LL_RCC_GetSystemClocksFreq               0x080019ed   Thumb Code    32  stm32f4xx_ll_rcc.o(i.LL_RCC_GetSystemClocksFreq)
    LL_SetSystemCoreClock                    0x08001a0d   Thumb Code     6  stm32f4xx_ll_utils.o(i.LL_SetSystemCoreClock)
    LL_TIM_Init                              0x08001a19   Thumb Code   122  stm32f4xx_ll_tim.o(i.LL_TIM_Init)
    LL_TIM_OC_Init                           0x08001b59   Thumb Code   390  stm32f4xx_ll_tim.o(i.LL_TIM_OC_Init)
    LL_USART_Init                            0x08001ce5   Thumb Code   118  stm32f4xx_ll_usart.o(i.LL_USART_Init)
    LL_mDelay                                0x08001e19   Thumb Code    30  stm32f4xx_ll_utils.o(i.LL_mDelay)
    MX_GPIO_Init                             0x08001e37   Thumb Code    24  gpio.o(i.MX_GPIO_Init)
    MX_TIM2_Init                             0x08001e51   Thumb Code   172  tim.o(i.MX_TIM2_Init)
    MX_TIM3_Init                             0x08001f05   Thumb Code   282  tim.o(i.MX_TIM3_Init)
    MX_TIM9_Init                             0x0800202d   Thumb Code   196  tim.o(i.MX_TIM9_Init)
    MX_USART1_UART_Init                      0x080020fd   Thumb Code   212  usart.o(i.MX_USART1_UART_Init)
    MX_USART2_UART_Init                      0x080021e5   Thumb Code   224  usart2.o(i.MX_USART2_UART_Init)
    MX_USART6_UART_Init                      0x080022d9   Thumb Code   228  usart3.o(i.MX_USART6_UART_Init)
    MemManage_Handler                        0x080023d1   Thumb Code     2  stm32f4xx_it.o(i.MemManage_Handler)
    NMI_Handler                              0x080023d3   Thumb Code     2  stm32f4xx_it.o(i.NMI_Handler)
    PWM_REALLY                               0x080023d5   Thumb Code    26  main.o(i.PWM_REALLY)
    PendSV_Handler                           0x080023f9   Thumb Code     2  stm32f4xx_it.o(i.PendSV_Handler)
    RCC_GetHCLKClockFreq                     0x080023fd   Thumb Code    18  stm32f4xx_ll_rcc.o(i.RCC_GetHCLKClockFreq)
    RCC_GetPCLK1ClockFreq                    0x08002419   Thumb Code    20  stm32f4xx_ll_rcc.o(i.RCC_GetPCLK1ClockFreq)
    RCC_GetPCLK2ClockFreq                    0x08002435   Thumb Code    20  stm32f4xx_ll_rcc.o(i.RCC_GetPCLK2ClockFreq)
    RCC_GetSystemClockFreq                   0x08002451   Thumb Code    30  stm32f4xx_ll_rcc.o(i.RCC_GetSystemClockFreq)
    RCC_PLL_GetFreqDomain_SYS                0x0800247d   Thumb Code    68  stm32f4xx_ll_rcc.o(i.RCC_PLL_GetFreqDomain_SYS)
    SVC_Handler                              0x080024cd   Thumb Code     2  stm32f4xx_it.o(i.SVC_Handler)
    SysTick_Handler                          0x080024cf   Thumb Code     2  stm32f4xx_it.o(i.SysTick_Handler)
    SystemClock_Config                       0x080024d1   Thumb Code   184  main.o(i.SystemClock_Config)
    SystemInit                               0x080025a1   Thumb Code    12  system_stm32f4xx.o(i.SystemInit)
    TIM2_IRQHandler                          0x080025b1   Thumb Code    26  tim.o(i.TIM2_IRQHandler)
    TIM4_IRQHandler                          0x080025cd   Thumb Code    34  usmart.o(i.TIM4_IRQHandler)
    TIM5_IRQHandler                          0x080025f9   Thumb Code    40  delay_ms.o(i.TIM5_IRQHandler)
    TIM_PWM                                  0x08002629   Thumb Code    44  tim.o(i.TIM_PWM)
    Timer4_Init                              0x08002661   Thumb Code   162  usmart.o(i.Timer4_Init)
    USART1_IRQHandler                        0x08002715   Thumb Code    84  usart.o(i.USART1_IRQHandler)
    USART2_IRQHandler                        0x08002775   Thumb Code    20  usart2.o(i.USART2_IRQHandler)
    USART6_IRQHandler                        0x0800278d   Thumb Code   308  usart3.o(i.USART6_IRQHandler)
    UsageFault_Handler                       0x080028cd   Thumb Code     2  stm32f4xx_it.o(i.UsageFault_Handler)
    Usart_SendByte                           0x080028cf   Thumb Code    14  usart2.o(i.Usart_SendByte)
    Usart_SendString                         0x080028dd   Thumb Code    36  usart2.o(i.Usart_SendString)
    WIFI_INIT                                0x08002901   Thumb Code    38  main.o(i.WIFI_INIT)
    __ARM_fpclassify                         0x08002955   Thumb Code    48  fpclassify.o(i.__ARM_fpclassify)
    _is_digit                                0x08002985   Thumb Code    14  __printf_wp.o(i._is_digit)
    _pid_init                                0x08002995   Thumb Code    46  angle_pid.o(i._pid_init)
    _sys_exit                                0x080029d1   Thumb Code     2  usart.o(i._sys_exit)
    angle_turn_pwm                           0x080029d5   Thumb Code   138  pwm_calculation.o(i.angle_turn_pwm)
    angle_turn_pwm_2                         0x08002a79   Thumb Code   194  pwm_calculation.o(i.angle_turn_pwm_2)
    character_turning                        0x08002b49   Thumb Code    92  pwm_calculation.o(i.character_turning)
    fputc                                    0x08002bbd   Thumb Code    14  usart.o(i.fputc)
    inti_ROB                                 0x08002bd1   Thumb Code   120  calculate_d_h.o(i.inti_ROB)
    itoa                                     0x08002c61   Thumb Code   116  itoa_turn.o(i.itoa)
    main                                     0x08002cfd   Thumb Code    26  main.o(i.main)
    mo_2                                     0x08002d19   Thumb Code   488  pwm_calculation.o(i.mo_2)
    read_addr                                0x08002f15   Thumb Code     4  usmart.o(i.read_addr)
    set_ARM_state_test                       0x08002f19   Thumb Code    82  pwm_calculation.o(i.set_ARM_state_test)
    set_angle_fun                            0x08002f79   Thumb Code    78  pwm_calculation.o(i.set_angle_fun)
    test_PWM                                 0x08002fcd   Thumb Code   192  pwm_calculation.o(i.test_PWM)
    test_angle_turn                          0x080030c5   Thumb Code   154  pwm_calculation.o(i.test_angle_turn)
    test_arm_oc_pwm                          0x08003185   Thumb Code    44  main.o(i.test_arm_oc_pwm)
    tim_start                                0x080031b9   Thumb Code    80  tim.o(i.tim_start)
    usmart_cmd_rec                           0x08003211   Thumb Code   144  usmart.o(i.usmart_cmd_rec)
    usmart_exe                               0x080032a5   Thumb Code   518  usmart.o(i.usmart_exe)
    usmart_get_aparm                         0x0800350d   Thumb Code   158  usmart_str.o(i.usmart_get_aparm)
    usmart_get_cmdname                       0x080035ab   Thumb Code    46  usmart_str.o(i.usmart_get_cmdname)
    usmart_get_fname                         0x080035d9   Thumb Code   358  usmart_str.o(i.usmart_get_fname)
    usmart_get_fparam                        0x08003749   Thumb Code   210  usmart_str.o(i.usmart_get_fparam)
    usmart_get_parmpos                       0x08003821   Thumb Code    30  usmart_str.o(i.usmart_get_parmpos)
    usmart_get_runtime                       0x08003845   Thumb Code    52  usmart.o(i.usmart_get_runtime)
    usmart_init                              0x08003881   Thumb Code    34  usmart.o(i.usmart_init)
    usmart_pow                               0x080038a9   Thumb Code    16  usmart_str.o(i.usmart_pow)
    usmart_reset_runtime                     0x080038b9   Thumb Code    26  usmart.o(i.usmart_reset_runtime)
    usmart_scan                              0x080038dd   Thumb Code    94  usmart.o(i.usmart_scan)
    usmart_search_nextc                      0x08003981   Thumb Code    16  usmart_str.o(i.usmart_search_nextc)
    usmart_str2num                           0x08003991   Thumb Code   166  usmart_str.o(i.usmart_str2num)
    usmart_strcmp                            0x08003a37   Thumb Code    24  usmart_str.o(i.usmart_strcmp)
    usmart_strcopy                           0x08003a4f   Thumb Code    18  usmart_str.o(i.usmart_strcopy)
    usmart_strlen                            0x08003a61   Thumb Code    18  usmart_str.o(i.usmart_strlen)
    usmart_sys_cmd_exe                       0x08003a75   Thumb Code  1442  usmart.o(i.usmart_sys_cmd_exe)
    write_addr                               0x080040e5   Thumb Code     4  usmart.o(i.write_addr)
    _get_lc_numeric                          0x080040e9   Thumb Code    44  lc_numeric_c.o(locale$$code)
    __aeabi_d2f                              0x08004115   Thumb Code     0  d2f.o(x$fpl$d2f)
    _d2f                                     0x08004115   Thumb Code    98  d2f.o(x$fpl$d2f)
    __aeabi_dadd                             0x08004179   Thumb Code     0  daddsub_clz.o(x$fpl$dadd)
    _dadd                                    0x08004179   Thumb Code   332  daddsub_clz.o(x$fpl$dadd)
    __fpl_dnaninf                            0x080042c9   Thumb Code   156  dnaninf.o(x$fpl$dnaninf)
    __fpl_dretinf                            0x08004365   Thumb Code    12  dretinf.o(x$fpl$dretinf)
    __aeabi_dsub                             0x08004371   Thumb Code     0  daddsub_clz.o(x$fpl$dsub)
    _dsub                                    0x08004371   Thumb Code   464  daddsub_clz.o(x$fpl$dsub)
    __aeabi_f2d                              0x08004545   Thumb Code     0  f2d.o(x$fpl$f2d)
    _f2d                                     0x08004545   Thumb Code    86  f2d.o(x$fpl$f2d)
    __fpl_fnaninf                            0x0800459b   Thumb Code   140  fnaninf.o(x$fpl$fnaninf)
    _fp_init                                 0x08004627   Thumb Code    10  fpinit.o(x$fpl$fpinit)
    __fplib_config_fpu_vfp                   0x0800462f   Thumb Code     0  fpinit.o(x$fpl$fpinit)
    __fplib_config_pureend_doubles           0x0800462f   Thumb Code     0  fpinit.o(x$fpl$fpinit)
    __fpl_fretinf                            0x08004631   Thumb Code    10  fretinf.o(x$fpl$fretinf)
    _printf_fp_dec                           0x0800463b   Thumb Code     4  printf1.o(x$fpl$printf1)
    __I$use$fp                               0x0800463e   Number         0  usenofp.o(x$fpl$usenofp)
    AHBPrescTable                            0x0800464c   Data          16  system_stm32f4xx.o(.constdata)
    APBPrescTable                            0x0800465c   Data           8  system_stm32f4xx.o(.constdata)
    Region$$Table$$Base                      0x08004928   Number         0  anon$$obj.o(Region$$Table)
    Region$$Table$$Limit                     0x08004948   Number         0  anon$$obj.o(Region$$Table)
    task_check_flag                          0x20000000   Data           4  main.o(.data)
    flag_eq                                  0x20000004   Data           4  main.o(.data)
    save_num_pid                             0x20000008   Data           4  tim.o(.data)
    USART_RX_STA                             0x2000000c   Data           2  usart.o(.data)
    __stdout                                 0x20000010   Data           4  usart.o(.data)
    SystemCoreClock                          0x20000014   Data           4  system_stm32f4xx.o(.data)
    sys_cmd_tab                              0x20000018   Data          28  usmart.o(.data)
    usmart_nametab                           0x20000034   Data          64  usmart_config.o(.data)
    usmart_dev                               0x20000074   Data         556  usmart_config.o(.data)
    M_counter                                0x200002a0   Data           2  delay_ms.o(.data)
    flag_rec                                 0x200002a4   Data           1  usart3.o(.data)
    flag_count                               0x200002a5   Data           1  usart3.o(.data)
    flag_count_2                             0x200002a6   Data           1  usart3.o(.data)
    break_flag                               0x200002a7   Data           1  usart3.o(.data)
    task_check_flag2                         0x200002a8   Data           4  usart3.o(.data)
    USART_DATA_REC_x                         0x200002ac   Data           5  usart3.o(.data)
    USART_DATA_REC_y                         0x200002b1   Data           5  usart3.o(.data)
    USART_DATA_REC_z                         0x200002b6   Data           5  usart3.o(.data)
    USART_DATA_REC_cmd                       0x200002bb   Data           5  usart3.o(.data)
    cal_flag                                 0x200002c0   Data           4  pwm_calculation.o(.data)
    ROB_R                                    0x200002c4   Data           4  pwm_calculation.o(.data)
    Sx                                       0x200002c8   Data           4  pwm_calculation.o(.data)
    Sy                                       0x200002cc   Data           4  pwm_calculation.o(.data)
    Sz                                       0x200002d0   Data           4  pwm_calculation.o(.data)
    T_temp                                   0x200002d4   Data           4  pwm_calculation.o(.data)
    _S                                       0x200002d8   Data           4  pwm_calculation.o(.data)
    _G                                       0x200002dc   Data           4  pwm_calculation.o(.data)
    USART_RX_BUF                             0x200002e0   Data         200  usart.o(.bss)
    ROB_ARM                                  0x200003a8   Data         124  calculate_d_h.o(.bss)
    v_pid                                    0x20000424   Data          32  angle_pid.o(.bss)
    ang                                      0x20000444   Data          16  pwm_calculation.o(.bss)
    angle_turn                               0x20000454   Data          16  pwm_calculation.o(.bss)
    angle_turn2                              0x20000464   Data          24  pwm_calculation.o(.bss)
    __libspace_start                         0x2000047c   Data          96  libspace.o(.bss)
    __temporary_stack_top$libspace           0x200004dc   Data           0  libspace.o(.bss)



==============================================================================

Memory Map of the image

  Image Entry point : 0x08000195

  Load Region LR_IROM1 (Base: 0x08000000, Size: 0x00004c44, Max: 0x00040000, ABSOLUTE, COMPRESSED[0x000049d4])

    Execution Region ER_IROM1 (Exec base: 0x08000000, Load base: 0x08000000, Size: 0x00004964, Max: 0x00040000, ABSOLUTE)

    Exec Addr    Load Addr    Size         Type   Attr      Idx    E Section Name        Object

    0x08000000   0x08000000   0x00000194   Data   RO            3    RESET               startup_stm32f401xc.o
    0x08000194   0x08000194   0x00000008   Code   RO         1676  * !!!main             c_w.l(__main.o)
    0x0800019c   0x0800019c   0x00000034   Code   RO         2093    !!!scatter          c_w.l(__scatter.o)
    0x080001d0   0x080001d0   0x0000005a   Code   RO         2091    !!dczerorl2         c_w.l(__dczerorl2.o)
    0x0800022a   0x0800022a   0x00000002   PAD
    0x0800022c   0x0800022c   0x0000001c   Code   RO         2095    !!handler_zi        c_w.l(__scatter_zi.o)
    0x08000248   0x08000248   0x00000000   Code   RO         1665    .ARM.Collect$$_printf_percent$$00000000  c_w.l(_printf_percent.o)
    0x08000248   0x08000248   0x00000006   Code   RO         1664    .ARM.Collect$$_printf_percent$$00000003  c_w.l(_printf_f.o)
    0x0800024e   0x0800024e   0x00000006   Code   RO         1662    .ARM.Collect$$_printf_percent$$00000009  c_w.l(_printf_d.o)
    0x08000254   0x08000254   0x00000006   Code   RO         1663    .ARM.Collect$$_printf_percent$$0000000A  c_w.l(_printf_u.o)
    0x0800025a   0x0800025a   0x00000006   Code   RO         1661    .ARM.Collect$$_printf_percent$$0000000C  c_w.l(_printf_x.o)
    0x08000260   0x08000260   0x00000006   Code   RO         1659    .ARM.Collect$$_printf_percent$$00000013  c_w.l(_printf_c.o)
    0x08000266   0x08000266   0x00000006   Code   RO         1660    .ARM.Collect$$_printf_percent$$00000014  c_w.l(_printf_s.o)
    0x0800026c   0x0800026c   0x00000004   Code   RO         1808    .ARM.Collect$$_printf_percent$$00000017  c_w.l(_printf_percent_end.o)
    0x08000270   0x08000270   0x00000002   Code   RO         1968    .ARM.Collect$$libinit$$00000000  c_w.l(libinit.o)
    0x08000272   0x08000272   0x00000004   Code   RO         1969    .ARM.Collect$$libinit$$00000001  c_w.l(libinit2.o)
    0x08000276   0x08000276   0x00000000   Code   RO         1972    .ARM.Collect$$libinit$$00000004  c_w.l(libinit2.o)
    0x08000276   0x08000276   0x00000000   Code   RO         1975    .ARM.Collect$$libinit$$0000000A  c_w.l(libinit2.o)
    0x08000276   0x08000276   0x00000000   Code   RO         1977    .ARM.Collect$$libinit$$0000000C  c_w.l(libinit2.o)
    0x08000276   0x08000276   0x00000000   Code   RO         1979    .ARM.Collect$$libinit$$0000000E  c_w.l(libinit2.o)
    0x08000276   0x08000276   0x00000006   Code   RO         1980    .ARM.Collect$$libinit$$0000000F  c_w.l(libinit2.o)
    0x0800027c   0x0800027c   0x00000000   Code   RO         1982    .ARM.Collect$$libinit$$00000011  c_w.l(libinit2.o)
    0x0800027c   0x0800027c   0x00000000   Code   RO         1984    .ARM.Collect$$libinit$$00000013  c_w.l(libinit2.o)
    0x0800027c   0x0800027c   0x00000000   Code   RO         1986    .ARM.Collect$$libinit$$00000015  c_w.l(libinit2.o)
    0x0800027c   0x0800027c   0x0000000a   Code   RO         1987    .ARM.Collect$$libinit$$00000016  c_w.l(libinit2.o)
    0x08000286   0x08000286   0x00000000   Code   RO         1988    .ARM.Collect$$libinit$$00000017  c_w.l(libinit2.o)
    0x08000286   0x08000286   0x00000000   Code   RO         1990    .ARM.Collect$$libinit$$00000019  c_w.l(libinit2.o)
    0x08000286   0x08000286   0x00000000   Code   RO         1992    .ARM.Collect$$libinit$$0000001B  c_w.l(libinit2.o)
    0x08000286   0x08000286   0x00000000   Code   RO         1994    .ARM.Collect$$libinit$$0000001D  c_w.l(libinit2.o)
    0x08000286   0x08000286   0x00000000   Code   RO         1996    .ARM.Collect$$libinit$$0000001F  c_w.l(libinit2.o)
    0x08000286   0x08000286   0x00000000   Code   RO         1998    .ARM.Collect$$libinit$$00000021  c_w.l(libinit2.o)
    0x08000286   0x08000286   0x00000000   Code   RO         2000    .ARM.Collect$$libinit$$00000023  c_w.l(libinit2.o)
    0x08000286   0x08000286   0x00000000   Code   RO         2002    .ARM.Collect$$libinit$$00000025  c_w.l(libinit2.o)
    0x08000286   0x08000286   0x00000000   Code   RO         2006    .ARM.Collect$$libinit$$0000002C  c_w.l(libinit2.o)
    0x08000286   0x08000286   0x00000000   Code   RO         2008    .ARM.Collect$$libinit$$0000002E  c_w.l(libinit2.o)
    0x08000286   0x08000286   0x00000000   Code   RO         2010    .ARM.Collect$$libinit$$00000030  c_w.l(libinit2.o)
    0x08000286   0x08000286   0x00000000   Code   RO         2012    .ARM.Collect$$libinit$$00000032  c_w.l(libinit2.o)
    0x08000286   0x08000286   0x00000002   Code   RO         2013    .ARM.Collect$$libinit$$00000033  c_w.l(libinit2.o)
    0x08000288   0x08000288   0x00000002   Code   RO         2055    .ARM.Collect$$libshutdown$$00000000  c_w.l(libshutdown.o)
    0x0800028a   0x0800028a   0x00000000   Code   RO         2074    .ARM.Collect$$libshutdown$$00000002  c_w.l(libshutdown2.o)
    0x0800028a   0x0800028a   0x00000000   Code   RO         2076    .ARM.Collect$$libshutdown$$00000004  c_w.l(libshutdown2.o)
    0x0800028a   0x0800028a   0x00000000   Code   RO         2079    .ARM.Collect$$libshutdown$$00000007  c_w.l(libshutdown2.o)
    0x0800028a   0x0800028a   0x00000000   Code   RO         2082    .ARM.Collect$$libshutdown$$0000000A  c_w.l(libshutdown2.o)
    0x0800028a   0x0800028a   0x00000000   Code   RO         2084    .ARM.Collect$$libshutdown$$0000000C  c_w.l(libshutdown2.o)
    0x0800028a   0x0800028a   0x00000000   Code   RO         2087    .ARM.Collect$$libshutdown$$0000000F  c_w.l(libshutdown2.o)
    0x0800028a   0x0800028a   0x00000002   Code   RO         2088    .ARM.Collect$$libshutdown$$00000010  c_w.l(libshutdown2.o)
    0x0800028c   0x0800028c   0x00000000   Code   RO         1788    .ARM.Collect$$rtentry$$00000000  c_w.l(__rtentry.o)
    0x0800028c   0x0800028c   0x00000000   Code   RO         1869    .ARM.Collect$$rtentry$$00000002  c_w.l(__rtentry2.o)
    0x0800028c   0x0800028c   0x00000006   Code   RO         1881    .ARM.Collect$$rtentry$$00000004  c_w.l(__rtentry4.o)
    0x08000292   0x08000292   0x00000000   Code   RO         1871    .ARM.Collect$$rtentry$$00000009  c_w.l(__rtentry2.o)
    0x08000292   0x08000292   0x00000004   Code   RO         1872    .ARM.Collect$$rtentry$$0000000A  c_w.l(__rtentry2.o)
    0x08000296   0x08000296   0x00000000   Code   RO         1874    .ARM.Collect$$rtentry$$0000000C  c_w.l(__rtentry2.o)
    0x08000296   0x08000296   0x00000008   Code   RO         1875    .ARM.Collect$$rtentry$$0000000D  c_w.l(__rtentry2.o)
    0x0800029e   0x0800029e   0x00000002   Code   RO         2014    .ARM.Collect$$rtexit$$00000000  c_w.l(rtexit.o)
    0x080002a0   0x080002a0   0x00000000   Code   RO         2027    .ARM.Collect$$rtexit$$00000002  c_w.l(rtexit2.o)
    0x080002a0   0x080002a0   0x00000004   Code   RO         2028    .ARM.Collect$$rtexit$$00000003  c_w.l(rtexit2.o)
    0x080002a4   0x080002a4   0x00000006   Code   RO         2029    .ARM.Collect$$rtexit$$00000004  c_w.l(rtexit2.o)
    0x080002aa   0x080002aa   0x00000002   PAD
    0x080002ac   0x080002ac   0x00000040   Code   RO            4    .text               startup_stm32f401xc.o
    0x080002ec   0x080002ec   0x00000002   Code   RO         1602    .text               c_w.l(use_no_semi_2.o)
    0x080002ee   0x080002ee   0x000000ee   Code   RO         1604    .text               c_w.l(lludivv7m.o)
    0x080003dc   0x080003dc   0x00000018   Code   RO         1608    .text               c_w.l(noretval__2printf.o)
    0x080003f4   0x080003f4   0x0000004e   Code   RO         1612    .text               c_w.l(_printf_pad.o)
    0x08000442   0x08000442   0x00000052   Code   RO         1614    .text               c_w.l(_printf_str.o)
    0x08000494   0x08000494   0x00000078   Code   RO         1616    .text               c_w.l(_printf_dec.o)
    0x0800050c   0x0800050c   0x00000058   Code   RO         1621    .text               c_w.l(_printf_hex_int.o)
    0x08000564   0x08000564   0x00000188   Code   RO         1656    .text               c_w.l(__printf_flags_ss_wp.o)
    0x080006ec   0x080006ec   0x00000018   Code   RO         1668    .text               c_w.l(strcat.o)
    0x08000704   0x08000704   0x00000064   Code   RO         1670    .text               c_w.l(rt_memcpy_w.o)
    0x08000768   0x08000768   0x0000004e   Code   RO         1672    .text               c_w.l(rt_memclr_w.o)
    0x080007b6   0x080007b6   0x00000006   Code   RO         1674    .text               c_w.l(heapauxi.o)
    0x080007bc   0x080007bc   0x00000002   Code   RO         1786    .text               c_w.l(use_no_semi.o)
    0x080007be   0x080007be   0x000000b2   Code   RO         1800    .text               c_w.l(_printf_intcommon.o)
    0x08000870   0x08000870   0x0000041e   Code   RO         1802    .text               c_w.l(_printf_fp_dec.o)
    0x08000c8e   0x08000c8e   0x0000002c   Code   RO         1804    .text               c_w.l(_printf_char.o)
    0x08000cba   0x08000cba   0x00000002   PAD
    0x08000cbc   0x08000cbc   0x00000024   Code   RO         1806    .text               c_w.l(_printf_char_file.o)
    0x08000ce0   0x08000ce0   0x00000008   Code   RO         1865    .text               c_w.l(libspace.o)
    0x08000ce8   0x08000ce8   0x00000008   Code   RO         1890    .text               c_w.l(rt_locale_intlibspace.o)
    0x08000cf0   0x08000cf0   0x0000008a   Code   RO         1892    .text               c_w.l(lludiv10.o)
    0x08000d7a   0x08000d7a   0x00000002   PAD
    0x08000d7c   0x08000d7c   0x00000030   Code   RO         1894    .text               c_w.l(_printf_char_common.o)
    0x08000dac   0x08000dac   0x00000080   Code   RO         1896    .text               c_w.l(_printf_fp_infnan.o)
    0x08000e2c   0x08000e2c   0x000000e4   Code   RO         1900    .text               c_w.l(bigflt0.o)
    0x08000f10   0x08000f10   0x00000008   Code   RO         1925    .text               c_w.l(ferror.o)
    0x08000f18   0x08000f18   0x0000004a   Code   RO         1946    .text               c_w.l(sys_stackheap_outer.o)
    0x08000f62   0x08000f62   0x00000012   Code   RO         1955    .text               c_w.l(exit.o)
    0x08000f74   0x08000f74   0x00000080   Code   RO         1961    .text               c_w.l(strcmpv7m.o)
    0x08000ff4   0x08000ff4   0x0000003e   Code   RO         1903    CL$$btod_d2e        c_w.l(btod.o)
    0x08001032   0x08001032   0x00000046   Code   RO         1905    CL$$btod_d2e_denorm_low  c_w.l(btod.o)
    0x08001078   0x08001078   0x00000060   Code   RO         1904    CL$$btod_d2e_norm_op1  c_w.l(btod.o)
    0x080010d8   0x080010d8   0x00000338   Code   RO         1913    CL$$btod_div_common  c_w.l(btod.o)
    0x08001410   0x08001410   0x000000dc   Code   RO         1910    CL$$btod_e2e        c_w.l(btod.o)
    0x080014ec   0x080014ec   0x0000002a   Code   RO         1907    CL$$btod_ediv       c_w.l(btod.o)
    0x08001516   0x08001516   0x0000002a   Code   RO         1906    CL$$btod_emul       c_w.l(btod.o)
    0x08001540   0x08001540   0x00000244   Code   RO         1912    CL$$btod_mult_common  c_w.l(btod.o)
    0x08001784   0x08001784   0x000000c8   Code   RO           13    i.BSP_INIT          main.o
    0x0800184c   0x0800184c   0x00000002   Code   RO          415    i.BusFault_Handler  stm32f4xx_it.o
    0x0800184e   0x0800184e   0x00000002   Code   RO          416    i.DebugMon_Handler  stm32f4xx_it.o
    0x08001850   0x08001850   0x00000002   Code   RO          417    i.HardFault_Handler  stm32f4xx_it.o
    0x08001852   0x08001852   0x00000002   PAD
    0x08001854   0x08001854   0x00000018   Code   RO          215    i.LL_AHB1_GRP1_EnableClock  gpio.o
    0x0800186c   0x0800186c   0x00000018   Code   RO          267    i.LL_AHB1_GRP1_EnableClock  tim.o
    0x08001884   0x08001884   0x00000018   Code   RO          268    i.LL_APB1_GRP1_EnableClock  tim.o
    0x0800189c   0x0800189c   0x00000136   Code   RO          496    i.LL_GPIO_Init      stm32f4xx_ll_gpio.o
    0x080019d2   0x080019d2   0x0000001a   Code   RO          803    i.LL_Init1msTick    stm32f4xx_ll_utils.o
    0x080019ec   0x080019ec   0x00000020   Code   RO          716    i.LL_RCC_GetSystemClocksFreq  stm32f4xx_ll_rcc.o
    0x08001a0c   0x08001a0c   0x0000000c   Code   RO          808    i.LL_SetSystemCoreClock  stm32f4xx_ll_utils.o
    0x08001a18   0x08001a18   0x00000098   Code   RO          558    i.LL_TIM_Init       stm32f4xx_ll_tim.o
    0x08001ab0   0x08001ab0   0x00000054   Code   RO          269    i.LL_TIM_OC_DisableFast  tim.o
    0x08001b04   0x08001b04   0x00000054   Code   RO          270    i.LL_TIM_OC_EnablePreload  tim.o
    0x08001b58   0x08001b58   0x0000018c   Code   RO          559    i.LL_TIM_OC_Init    stm32f4xx_ll_tim.o
    0x08001ce4   0x08001ce4   0x00000084   Code   RO          928    i.LL_USART_Init     stm32f4xx_ll_usart.o
    0x08001d68   0x08001d68   0x000000b0   Code   RO          929    i.LL_USART_SetBaudRate  stm32f4xx_ll_usart.o
    0x08001e18   0x08001e18   0x0000001e   Code   RO          809    i.LL_mDelay         stm32f4xx_ll_utils.o
    0x08001e36   0x08001e36   0x00000018   Code   RO          216    i.MX_GPIO_Init      gpio.o
    0x08001e4e   0x08001e4e   0x00000002   PAD
    0x08001e50   0x08001e50   0x000000b4   Code   RO          271    i.MX_TIM2_Init      tim.o
    0x08001f04   0x08001f04   0x00000128   Code   RO          272    i.MX_TIM3_Init      tim.o
    0x0800202c   0x0800202c   0x000000d0   Code   RO          273    i.MX_TIM9_Init      tim.o
    0x080020fc   0x080020fc   0x000000e8   Code   RO          355    i.MX_USART1_UART_Init  usart.o
    0x080021e4   0x080021e4   0x000000f4   Code   RO         1226    i.MX_USART2_UART_Init  usart2.o
    0x080022d8   0x080022d8   0x000000f8   Code   RO         1348    i.MX_USART6_UART_Init  usart3.o
    0x080023d0   0x080023d0   0x00000002   Code   RO          418    i.MemManage_Handler  stm32f4xx_it.o
    0x080023d2   0x080023d2   0x00000002   Code   RO          419    i.NMI_Handler       stm32f4xx_it.o
    0x080023d4   0x080023d4   0x00000024   Code   RO           15    i.PWM_REALLY        main.o
    0x080023f8   0x080023f8   0x00000002   Code   RO          420    i.PendSV_Handler    stm32f4xx_it.o
    0x080023fa   0x080023fa   0x00000002   PAD
    0x080023fc   0x080023fc   0x0000001c   Code   RO          718    i.RCC_GetHCLKClockFreq  stm32f4xx_ll_rcc.o
    0x08002418   0x08002418   0x0000001c   Code   RO          719    i.RCC_GetPCLK1ClockFreq  stm32f4xx_ll_rcc.o
    0x08002434   0x08002434   0x0000001c   Code   RO          720    i.RCC_GetPCLK2ClockFreq  stm32f4xx_ll_rcc.o
    0x08002450   0x08002450   0x0000002c   Code   RO          721    i.RCC_GetSystemClockFreq  stm32f4xx_ll_rcc.o
    0x0800247c   0x0800247c   0x00000050   Code   RO          724    i.RCC_PLL_GetFreqDomain_SYS  stm32f4xx_ll_rcc.o
    0x080024cc   0x080024cc   0x00000002   Code   RO          421    i.SVC_Handler       stm32f4xx_it.o
    0x080024ce   0x080024ce   0x00000002   Code   RO          422    i.SysTick_Handler   stm32f4xx_it.o
    0x080024d0   0x080024d0   0x000000d0   Code   RO           16    i.SystemClock_Config  main.o
    0x080025a0   0x080025a0   0x00000010   Code   RO          982    i.SystemInit        system_stm32f4xx.o
    0x080025b0   0x080025b0   0x0000001a   Code   RO          274    i.TIM2_IRQHandler   tim.o
    0x080025ca   0x080025ca   0x00000002   PAD
    0x080025cc   0x080025cc   0x0000002c   Code   RO         1019    i.TIM4_IRQHandler   usmart.o
    0x080025f8   0x080025f8   0x00000030   Code   RO         1287    i.TIM5_IRQHandler   delay_ms.o
    0x08002628   0x08002628   0x00000038   Code   RO          275    i.TIM_PWM           tim.o
    0x08002660   0x08002660   0x000000b4   Code   RO         1020    i.Timer4_Init       usmart.o
    0x08002714   0x08002714   0x00000060   Code   RO          356    i.USART1_IRQHandler  usart.o
    0x08002774   0x08002774   0x00000018   Code   RO         1227    i.USART2_IRQHandler  usart2.o
    0x0800278c   0x0800278c   0x00000140   Code   RO         1349    i.USART6_IRQHandler  usart3.o
    0x080028cc   0x080028cc   0x00000002   Code   RO          423    i.UsageFault_Handler  stm32f4xx_it.o
    0x080028ce   0x080028ce   0x0000000e   Code   RO         1228    i.Usart_SendByte    usart2.o
    0x080028dc   0x080028dc   0x00000024   Code   RO         1230    i.Usart_SendString  usart2.o
    0x08002900   0x08002900   0x00000054   Code   RO           17    i.WIFI_INIT         main.o
    0x08002954   0x08002954   0x00000030   Code   RO         1849    i.__ARM_fpclassify  m_wm.l(fpclassify.o)
    0x08002984   0x08002984   0x0000000e   Code   RO         1649    i._is_digit         c_w.l(__printf_wp.o)
    0x08002992   0x08002992   0x00000002   PAD
    0x08002994   0x08002994   0x0000003c   Code   RO         1450    i._pid_init         angle_pid.o
    0x080029d0   0x080029d0   0x00000002   Code   RO          357    i._sys_exit         usart.o
    0x080029d2   0x080029d2   0x00000002   PAD
    0x080029d4   0x080029d4   0x000000a4   Code   RO         1499    i.angle_turn_pwm    pwm_calculation.o
    0x08002a78   0x08002a78   0x000000d0   Code   RO         1500    i.angle_turn_pwm_2  pwm_calculation.o
    0x08002b48   0x08002b48   0x00000074   Code   RO         1501    i.character_turning  pwm_calculation.o
    0x08002bbc   0x08002bbc   0x00000014   Code   RO          358    i.fputc             usart.o
    0x08002bd0   0x08002bd0   0x00000090   Code   RO         1404    i.inti_ROB          calculate_d_h.o
    0x08002c60   0x08002c60   0x0000009c   Code   RO         1389    i.itoa              itoa_turn.o
    0x08002cfc   0x08002cfc   0x0000001a   Code   RO           18    i.main              main.o
    0x08002d16   0x08002d16   0x00000002   PAD
    0x08002d18   0x08002d18   0x000001fc   Code   RO         1503    i.mo_2              pwm_calculation.o
    0x08002f14   0x08002f14   0x00000004   Code   RO         1021    i.read_addr         usmart.o
    0x08002f18   0x08002f18   0x00000060   Code   RO         1504    i.set_ARM_state_test  pwm_calculation.o
    0x08002f78   0x08002f78   0x00000054   Code   RO         1505    i.set_angle_fun     pwm_calculation.o
    0x08002fcc   0x08002fcc   0x000000f8   Code   RO         1506    i.test_PWM          pwm_calculation.o
    0x080030c4   0x080030c4   0x000000c0   Code   RO         1507    i.test_angle_turn   pwm_calculation.o
    0x08003184   0x08003184   0x00000034   Code   RO           20    i.test_arm_oc_pwm   main.o
    0x080031b8   0x080031b8   0x00000058   Code   RO          276    i.tim_start         tim.o
    0x08003210   0x08003210   0x00000094   Code   RO         1022    i.usmart_cmd_rec    usmart.o
    0x080032a4   0x080032a4   0x00000268   Code   RO         1023    i.usmart_exe        usmart.o
    0x0800350c   0x0800350c   0x0000009e   Code   RO         1147    i.usmart_get_aparm  usmart_str.o
    0x080035aa   0x080035aa   0x0000002e   Code   RO         1148    i.usmart_get_cmdname  usmart_str.o
    0x080035d8   0x080035d8   0x00000170   Code   RO         1149    i.usmart_get_fname  usmart_str.o
    0x08003748   0x08003748   0x000000d8   Code   RO         1150    i.usmart_get_fparam  usmart_str.o
    0x08003820   0x08003820   0x00000024   Code   RO         1151    i.usmart_get_parmpos  usmart_str.o
    0x08003844   0x08003844   0x0000003c   Code   RO         1024    i.usmart_get_runtime  usmart.o
    0x08003880   0x08003880   0x00000028   Code   RO         1025    i.usmart_init       usmart.o
    0x080038a8   0x080038a8   0x00000010   Code   RO         1152    i.usmart_pow        usmart_str.o
    0x080038b8   0x080038b8   0x00000024   Code   RO         1026    i.usmart_reset_runtime  usmart.o
    0x080038dc   0x080038dc   0x000000a4   Code   RO         1027    i.usmart_scan       usmart.o
    0x08003980   0x08003980   0x00000010   Code   RO         1153    i.usmart_search_nextc  usmart_str.o
    0x08003990   0x08003990   0x000000a6   Code   RO         1154    i.usmart_str2num    usmart_str.o
    0x08003a36   0x08003a36   0x00000018   Code   RO         1155    i.usmart_strcmp     usmart_str.o
    0x08003a4e   0x08003a4e   0x00000012   Code   RO         1156    i.usmart_strcopy    usmart_str.o
    0x08003a60   0x08003a60   0x00000012   Code   RO         1157    i.usmart_strlen     usmart_str.o
    0x08003a72   0x08003a72   0x00000002   PAD
    0x08003a74   0x08003a74   0x00000670   Code   RO         1028    i.usmart_sys_cmd_exe  usmart.o
    0x080040e4   0x080040e4   0x00000004   Code   RO         1029    i.write_addr        usmart.o
    0x080040e8   0x080040e8   0x0000002c   Code   RO         1930    locale$$code        c_w.l(lc_numeric_c.o)
    0x08004114   0x08004114   0x00000062   Code   RO         1678    x$fpl$d2f           fz_wm.l(d2f.o)
    0x08004176   0x08004176   0x00000002   PAD
    0x08004178   0x08004178   0x00000150   Code   RO         1680    x$fpl$dadd          fz_wm.l(daddsub_clz.o)
    0x080042c8   0x080042c8   0x0000009c   Code   RO         1815    x$fpl$dnaninf       fz_wm.l(dnaninf.o)
    0x08004364   0x08004364   0x0000000c   Code   RO         1817    x$fpl$dretinf       fz_wm.l(dretinf.o)
    0x08004370   0x08004370   0x000001d4   Code   RO         1682    x$fpl$dsub          fz_wm.l(daddsub_clz.o)
    0x08004544   0x08004544   0x00000056   Code   RO         1692    x$fpl$f2d           fz_wm.l(f2d.o)
    0x0800459a   0x0800459a   0x0000008c   Code   RO         1821    x$fpl$fnaninf       fz_wm.l(fnaninf.o)
    0x08004626   0x08004626   0x0000000a   Code   RO         2024    x$fpl$fpinit        fz_wm.l(fpinit.o)
    0x08004630   0x08004630   0x0000000a   Code   RO         1823    x$fpl$fretinf       fz_wm.l(fretinf.o)
    0x0800463a   0x0800463a   0x00000004   Code   RO         1694    x$fpl$printf1       fz_wm.l(printf1.o)
    0x0800463e   0x0800463e   0x00000000   Code   RO         1825    x$fpl$usenofp       fz_wm.l(usenofp.o)
    0x0800463e   0x0800463e   0x0000000e   Data   RO          277    .constdata          tim.o
    0x0800464c   0x0800464c   0x00000010   Data   RO          983    .constdata          system_stm32f4xx.o
    0x0800465c   0x0800465c   0x00000008   Data   RO          984    .constdata          system_stm32f4xx.o
    0x08004664   0x08004664   0x00000010   Data   RO         1509    .constdata          pwm_calculation.o
    0x08004674   0x08004674   0x00000028   Data   RO         1622    .constdata          c_w.l(_printf_hex_int.o)
    0x0800469c   0x0800469c   0x00000011   Data   RO         1657    .constdata          c_w.l(__printf_flags_ss_wp.o)
    0x080046ad   0x080046ad   0x00000003   PAD
    0x080046b0   0x080046b0   0x00000094   Data   RO         1901    .constdata          c_w.l(bigflt0.o)
    0x08004744   0x08004744   0x00000028   Data   RO         1030    .conststring        usmart.o
    0x0800476c   0x0800476c   0x000001aa   Data   RO         1121    .conststring        usmart_config.o
    0x08004916   0x08004916   0x00000002   PAD
    0x08004918   0x08004918   0x00000010   Data   RO         1510    .conststring        pwm_calculation.o
    0x08004928   0x08004928   0x00000020   Data   RO         2089    Region$$Table       anon$$obj.o
    0x08004948   0x08004948   0x0000001c   Data   RO         1929    locale$$data        c_w.l(lc_numeric_c.o)


    Execution Region RW_IRAM1 (Exec base: 0x20000000, Load base: 0x08004964, Size: 0x00000ae0, Max: 0x00010000, ABSOLUTE, COMPRESSED[0x00000070])

    Exec Addr    Load Addr    Size         Type   Attr      Idx    E Section Name        Object

    0x20000000   COMPRESSED   0x00000008   Data   RW           23    .data               main.o
    0x20000008   COMPRESSED   0x00000004   Data   RW          278    .data               tim.o
    0x2000000c   COMPRESSED   0x00000002   Data   RW          360    .data               usart.o
    0x2000000e   COMPRESSED   0x00000002   PAD
    0x20000010   COMPRESSED   0x00000004   Data   RW          361    .data               usart.o
    0x20000014   COMPRESSED   0x00000004   Data   RW          985    .data               system_stm32f4xx.o
    0x20000018   COMPRESSED   0x0000001c   Data   RW         1031    .data               usmart.o
    0x20000034   COMPRESSED   0x00000040   Data   RW         1122    .data               usmart_config.o
    0x20000074   COMPRESSED   0x0000022c   Data   RW         1123    .data               usmart_config.o
    0x200002a0   COMPRESSED   0x00000002   Data   RW         1288    .data               delay_ms.o
    0x200002a2   COMPRESSED   0x00000002   PAD
    0x200002a4   COMPRESSED   0x0000001c   Data   RW         1352    .data               usart3.o
    0x200002c0   COMPRESSED   0x00000020   Data   RW         1511    .data               pwm_calculation.o
    0x200002e0        -       0x000000c8   Zero   RW          359    .bss                usart.o
    0x200003a8        -       0x0000007c   Zero   RW         1407    .bss                calculate_d_h.o
    0x20000424        -       0x00000020   Zero   RW         1452    .bss                angle_pid.o
    0x20000444        -       0x00000038   Zero   RW         1508    .bss                pwm_calculation.o
    0x2000047c        -       0x00000060   Zero   RW         1866    .bss                c_w.l(libspace.o)
    0x200004dc   COMPRESSED   0x00000004   PAD
    0x200004e0        -       0x00000200   Zero   RW            2    HEAP                startup_stm32f401xc.o
    0x200006e0        -       0x00000400   Zero   RW            1    STACK               startup_stm32f401xc.o


==============================================================================

Image component sizes


      Code (inc. data)   RO Data    RW Data    ZI Data      Debug   Object Name

        60         14          0          0         32       1457   angle_pid.o
       144         24          0          0        124       1619   calculate_d_h.o
        48          8          0          2          0      26098   delay_ms.o
        48          6          0          0          0      28681   gpio.o
       156         40          0          0          0        963   itoa_turn.o
       606        112          0          8          0     412838   main.o
      1616        198         32         32         56      33177   pwm_calculation.o
        64         26        404          0       1536        840   startup_stm32f401xc.o
        18          0          0          0          0       4190   stm32f4xx_it.o
       310          0          0          0          0       7183   stm32f4xx_ll_gpio.o
       240         52          0          0          0      27863   stm32f4xx_ll_rcc.o
       548         36          0          0          0      32683   stm32f4xx_ll_tim.o
       308         14          0          0          0      16336   stm32f4xx_ll_usart.o
        68          6          0          0          0       9037   stm32f4xx_ll_utils.o
        16          4         24          4          0       1151   system_stm32f4xx.o
      1070         74         14          4          0      66583   tim.o
       350         38          0          6        200      21126   usart.o
       318         24          0          0          0      19972   usart2.o
       568         32          0         28          0       3631   usart3.o
      2944       1348         40         28          0      38238   usmart.o
         0          0        426        620          0       1572   usmart_config.o
      1082         22          0          0          0       9287   usmart_str.o

    ----------------------------------------------------------------------
     10596       2078        974        736       1948     764525   Object Totals
         0          0         32          0          0          0   (incl. Generated)
        14          0          2          4          0          0   (incl. Padding)

    ----------------------------------------------------------------------

      Code (inc. data)   RO Data    RW Data    ZI Data      Debug   Library Member Name

        90          0          0          0          0          0   __dczerorl2.o
         8          0          0          0          0         68   __main.o
       392          4         17          0          0         92   __printf_flags_ss_wp.o
        14          0          0          0          0         68   __printf_wp.o
         0          0          0          0          0          0   __rtentry.o
        12          0          0          0          0          0   __rtentry2.o
         6          0          0          0          0          0   __rtentry4.o
        52          8          0          0          0          0   __scatter.o
        28          0          0          0          0          0   __scatter_zi.o
         6          0          0          0          0          0   _printf_c.o
        44          0          0          0          0        108   _printf_char.o
        48          6          0          0          0         96   _printf_char_common.o
        36          4          0          0          0         80   _printf_char_file.o
         6          0          0          0          0          0   _printf_d.o
       120         16          0          0          0         92   _printf_dec.o
         6          0          0          0          0          0   _printf_f.o
      1054          0          0          0          0        216   _printf_fp_dec.o
       128         16          0          0          0         84   _printf_fp_infnan.o
        88          4         40          0          0         88   _printf_hex_int.o
       178          0          0          0          0         88   _printf_intcommon.o
        78          0          0          0          0        108   _printf_pad.o
         0          0          0          0          0          0   _printf_percent.o
         4          0          0          0          0          0   _printf_percent_end.o
         6          0          0          0          0          0   _printf_s.o
        82          0          0          0          0         80   _printf_str.o
         6          0          0          0          0          0   _printf_u.o
         6          0          0          0          0          0   _printf_x.o
       228          4        148          0          0         96   bigflt0.o
      1936        128          0          0          0        672   btod.o
        18          0          0          0          0         80   exit.o
         8          0          0          0          0         68   ferror.o
         6          0          0          0          0        152   heapauxi.o
        44         10         28          0          0         76   lc_numeric_c.o
         2          0          0          0          0          0   libinit.o
        22          0          0          0          0          0   libinit2.o
         2          0          0          0          0          0   libshutdown.o
         2          0          0          0          0          0   libshutdown2.o
         8          4          0          0         96         68   libspace.o
       138          0          0          0          0         80   lludiv10.o
       238          0          0          0          0        100   lludivv7m.o
        24          4          0          0          0         84   noretval__2printf.o
         8          4          0          0          0         68   rt_locale_intlibspace.o
        78          0          0          0          0         80   rt_memclr_w.o
       100          0          0          0          0         80   rt_memcpy_w.o
         2          0          0          0          0          0   rtexit.o
        10          0          0          0          0          0   rtexit2.o
        24          0          0          0          0         68   strcat.o
       128          0          0          0          0         68   strcmpv7m.o
        74          0          0          0          0         80   sys_stackheap_outer.o
         2          0          0          0          0         68   use_no_semi.o
         2          0          0          0          0         68   use_no_semi_2.o
        98          4          0          0          0        140   d2f.o
       804         16          0          0          0        368   daddsub_clz.o
       156          4          0          0          0        140   dnaninf.o
        12          0          0          0          0        116   dretinf.o
        86          4          0          0          0        132   f2d.o
       140          4          0          0          0        132   fnaninf.o
        10          0          0          0          0        116   fpinit.o
        10          0          0          0          0        116   fretinf.o
         4          0          0          0          0        116   printf1.o
         0          0          0          0          0          0   usenofp.o
        48          0          0          0          0        124   fpclassify.o

    ----------------------------------------------------------------------
      6982        244        236          0        100       4824   Library Totals
        12          0          3          0          4          0   (incl. Padding)

    ----------------------------------------------------------------------

      Code (inc. data)   RO Data    RW Data    ZI Data      Debug   Library Name

      5602        212        233          0         96       3324   c_w.l
      1320         32          0          0          0       1376   fz_wm.l
        48          0          0          0          0        124   m_wm.l

    ----------------------------------------------------------------------
      6982        244        236          0        100       4824   Library Totals

    ----------------------------------------------------------------------

==============================================================================


      Code (inc. data)   RO Data    RW Data    ZI Data      Debug   

     17578       2322       1210        736       2048     759129   Grand Totals
     17578       2322       1210        112       2048     759129   ELF Image Totals (compressed)
     17578       2322       1210        112          0          0   ROM Totals

==============================================================================

    Total RO  Size (Code + RO Data)                18788 (  18.35kB)
    Total RW  Size (RW Data + ZI Data)              2784 (   2.72kB)
    Total ROM Size (Code + RO Data + RW Data)      18900 (  18.46kB)

==============================================================================

